[0.068s] DEBUG:colcon:Command line arguments: ['/usr/bin/colcon', 'build', '--symlink-install', '--cmake-args', '-DCMAKE_BUILD_TYPE=Release', '-DCMAKE_EXPORT_COMPILE_COMMANDS=ON', '--packages-select', 'rmoss_gz_base']
[0.068s] DEBUG:colcon:Parsed command line arguments: Namespace(log_base=None, log_level=None, verb_name='build', build_base='build', install_base='install', merge_install=False, symlink_install=True, test_result_base=None, continue_on_error=False, executor='parallel', parallel_workers=20, event_handlers=None, ignore_user_meta=False, metas=['./colcon.meta'], base_paths=['.'], packages_ignore=None, packages_ignore_regex=None, paths=None, packages_up_to=None, packages_up_to_regex=None, packages_above=None, packages_above_and_dependencies=None, packages_above_depth=None, packages_select_by_dep=None, packages_skip_by_dep=None, packages_skip_up_to=None, packages_select_build_failed=False, packages_skip_build_finished=False, packages_select_test_failures=False, packages_skip_test_passed=False, packages_select=['rmoss_gz_base'], packages_skip=None, packages_select_regex=None, packages_skip_regex=None, packages_start=None, packages_end=None, allow_overriding=[], cmake_args=['-DCMAKE_BUILD_TYPE=Release', '-DCMAKE_EXPORT_COMPILE_COMMANDS=ON'], cmake_target=None, cmake_target_skip_unavailable=False, cmake_clean_cache=False, cmake_clean_first=False, cmake_force_configure=False, ament_cmake_args=None, catkin_cmake_args=None, catkin_skip_building_tests=False, mixin_files=None, mixin=None, verb_parser=<colcon_mixin.mixin.mixin_argument.MixinArgumentDecorator object at 0x7c67a649de80>, verb_extension=<colcon_core.verb.build.BuildVerb object at 0x7c67a649dac0>, main=<bound method BuildVerb.main of <colcon_core.verb.build.BuildVerb object at 0x7c67a649dac0>>, mixin_verb=('build',))
[0.089s] Level 1:colcon.colcon_core.package_discovery:discover_packages(colcon_meta) check parameters
[0.089s] Level 1:colcon.colcon_core.package_discovery:discover_packages(recursive) check parameters
[0.089s] Level 1:colcon.colcon_core.package_discovery:discover_packages(ignore) check parameters
[0.089s] Level 1:colcon.colcon_core.package_discovery:discover_packages(path) check parameters
[0.089s] Level 1:colcon.colcon_core.package_discovery:discover_packages(colcon_meta) discover
[0.089s] Level 1:colcon.colcon_core.package_discovery:discover_packages(recursive) discover
[0.089s] INFO:colcon.colcon_core.package_discovery:Crawling recursively for packages in '/home/xlqmu/rmoss_gazebo'
[0.089s] Level 1:colcon.colcon_core.package_identification:_identify(.) by extensions ['ignore', 'ignore_ament_install']
[0.089s] Level 1:colcon.colcon_core.package_identification:_identify(.) by extension 'ignore'
[0.089s] Level 1:colcon.colcon_core.package_identification:_identify(.) by extension 'ignore_ament_install'
[0.089s] Level 1:colcon.colcon_core.package_identification:_identify(.) by extensions ['colcon_pkg']
[0.089s] Level 1:colcon.colcon_core.package_identification:_identify(.) by extension 'colcon_pkg'
[0.089s] Level 1:colcon.colcon_core.package_identification:_identify(.) by extensions ['colcon_meta']
[0.089s] Level 1:colcon.colcon_core.package_identification:_identify(.) by extension 'colcon_meta'
[0.089s] Level 1:colcon.colcon_core.package_identification:_identify(.) by extensions ['ros']
[0.089s] Level 1:colcon.colcon_core.package_identification:_identify(.) by extension 'ros'
[0.104s] Level 1:colcon.colcon_core.package_identification:_identify(.) by extensions ['cmake', 'python']
[0.104s] Level 1:colcon.colcon_core.package_identification:_identify(.) by extension 'cmake'
[0.104s] Level 1:colcon.colcon_core.package_identification:_identify(.) by extension 'python'
[0.104s] Level 1:colcon.colcon_core.package_identification:_identify(.) by extensions ['python_setup_py']
[0.104s] Level 1:colcon.colcon_core.package_identification:_identify(.) by extension 'python_setup_py'
[0.104s] Level 1:colcon.colcon_core.package_identification:_identify(build) by extensions ['ignore', 'ignore_ament_install']
[0.104s] Level 1:colcon.colcon_core.package_identification:_identify(build) by extension 'ignore'
[0.104s] Level 1:colcon.colcon_core.package_identification:_identify(build) ignored
[0.104s] Level 1:colcon.colcon_core.package_identification:_identify(install) by extensions ['ignore', 'ignore_ament_install']
[0.104s] Level 1:colcon.colcon_core.package_identification:_identify(install) by extension 'ignore'
[0.104s] Level 1:colcon.colcon_core.package_identification:_identify(install) ignored
[0.104s] Level 1:colcon.colcon_core.package_identification:_identify(log) by extensions ['ignore', 'ignore_ament_install']
[0.104s] Level 1:colcon.colcon_core.package_identification:_identify(log) by extension 'ignore'
[0.104s] Level 1:colcon.colcon_core.package_identification:_identify(log) ignored
[0.104s] Level 1:colcon.colcon_core.package_identification:_identify(rmoss_gz_base) by extensions ['ignore', 'ignore_ament_install']
[0.104s] Level 1:colcon.colcon_core.package_identification:_identify(rmoss_gz_base) by extension 'ignore'
[0.104s] Level 1:colcon.colcon_core.package_identification:_identify(rmoss_gz_base) by extension 'ignore_ament_install'
[0.104s] Level 1:colcon.colcon_core.package_identification:_identify(rmoss_gz_base) by extensions ['colcon_pkg']
[0.104s] Level 1:colcon.colcon_core.package_identification:_identify(rmoss_gz_base) by extension 'colcon_pkg'
[0.104s] Level 1:colcon.colcon_core.package_identification:_identify(rmoss_gz_base) by extensions ['colcon_meta']
[0.104s] Level 1:colcon.colcon_core.package_identification:_identify(rmoss_gz_base) by extension 'colcon_meta'
[0.104s] Level 1:colcon.colcon_core.package_identification:_identify(rmoss_gz_base) by extensions ['ros']
[0.104s] Level 1:colcon.colcon_core.package_identification:_identify(rmoss_gz_base) by extension 'ros'
[0.106s] DEBUG:colcon.colcon_core.package_identification:Package 'rmoss_gz_base' with type 'ros.ament_cmake' and name 'rmoss_gz_base'
[0.106s] Level 1:colcon.colcon_core.package_identification:_identify(rmoss_gz_bridge) by extensions ['ignore', 'ignore_ament_install']
[0.106s] Level 1:colcon.colcon_core.package_identification:_identify(rmoss_gz_bridge) by extension 'ignore'
[0.106s] Level 1:colcon.colcon_core.package_identification:_identify(rmoss_gz_bridge) by extension 'ignore_ament_install'
[0.106s] Level 1:colcon.colcon_core.package_identification:_identify(rmoss_gz_bridge) by extensions ['colcon_pkg']
[0.106s] Level 1:colcon.colcon_core.package_identification:_identify(rmoss_gz_bridge) by extension 'colcon_pkg'
[0.106s] Level 1:colcon.colcon_core.package_identification:_identify(rmoss_gz_bridge) by extensions ['colcon_meta']
[0.106s] Level 1:colcon.colcon_core.package_identification:_identify(rmoss_gz_bridge) by extension 'colcon_meta'
[0.106s] Level 1:colcon.colcon_core.package_identification:_identify(rmoss_gz_bridge) by extensions ['ros']
[0.106s] Level 1:colcon.colcon_core.package_identification:_identify(rmoss_gz_bridge) by extension 'ros'
[0.107s] DEBUG:colcon.colcon_core.package_identification:Package 'rmoss_gz_bridge' with type 'ros.ament_cmake' and name 'rmoss_gz_bridge'
[0.107s] Level 1:colcon.colcon_core.package_identification:_identify(rmoss_gz_cam) by extensions ['ignore', 'ignore_ament_install']
[0.107s] Level 1:colcon.colcon_core.package_identification:_identify(rmoss_gz_cam) by extension 'ignore'
[0.107s] Level 1:colcon.colcon_core.package_identification:_identify(rmoss_gz_cam) by extension 'ignore_ament_install'
[0.107s] Level 1:colcon.colcon_core.package_identification:_identify(rmoss_gz_cam) by extensions ['colcon_pkg']
[0.107s] Level 1:colcon.colcon_core.package_identification:_identify(rmoss_gz_cam) by extension 'colcon_pkg'
[0.107s] Level 1:colcon.colcon_core.package_identification:_identify(rmoss_gz_cam) by extensions ['colcon_meta']
[0.107s] Level 1:colcon.colcon_core.package_identification:_identify(rmoss_gz_cam) by extension 'colcon_meta'
[0.107s] Level 1:colcon.colcon_core.package_identification:_identify(rmoss_gz_cam) by extensions ['ros']
[0.107s] Level 1:colcon.colcon_core.package_identification:_identify(rmoss_gz_cam) by extension 'ros'
[0.107s] DEBUG:colcon.colcon_core.package_identification:Package 'rmoss_gz_cam' with type 'ros.ament_cmake' and name 'rmoss_gz_cam'
[0.107s] Level 1:colcon.colcon_core.package_identification:_identify(rmoss_gz_plugins) by extensions ['ignore', 'ignore_ament_install']
[0.107s] Level 1:colcon.colcon_core.package_identification:_identify(rmoss_gz_plugins) by extension 'ignore'
[0.107s] Level 1:colcon.colcon_core.package_identification:_identify(rmoss_gz_plugins) by extension 'ignore_ament_install'
[0.107s] Level 1:colcon.colcon_core.package_identification:_identify(rmoss_gz_plugins) by extensions ['colcon_pkg']
[0.107s] Level 1:colcon.colcon_core.package_identification:_identify(rmoss_gz_plugins) by extension 'colcon_pkg'
[0.107s] Level 1:colcon.colcon_core.package_identification:_identify(rmoss_gz_plugins) by extensions ['colcon_meta']
[0.107s] Level 1:colcon.colcon_core.package_identification:_identify(rmoss_gz_plugins) by extension 'colcon_meta'
[0.108s] Level 1:colcon.colcon_core.package_identification:_identify(rmoss_gz_plugins) by extensions ['ros']
[0.108s] Level 1:colcon.colcon_core.package_identification:_identify(rmoss_gz_plugins) by extension 'ros'
[0.108s] DEBUG:colcon.colcon_core.package_identification:Package 'rmoss_gz_plugins' with type 'ros.ament_cmake' and name 'rmoss_gz_plugins'
[0.108s] Level 1:colcon.colcon_core.package_identification:_identify(tools) by extensions ['ignore', 'ignore_ament_install']
[0.108s] Level 1:colcon.colcon_core.package_identification:_identify(tools) by extension 'ignore'
[0.108s] Level 1:colcon.colcon_core.package_identification:_identify(tools) by extension 'ignore_ament_install'
[0.108s] Level 1:colcon.colcon_core.package_identification:_identify(tools) by extensions ['colcon_pkg']
[0.108s] Level 1:colcon.colcon_core.package_identification:_identify(tools) by extension 'colcon_pkg'
[0.108s] Level 1:colcon.colcon_core.package_identification:_identify(tools) by extensions ['colcon_meta']
[0.108s] Level 1:colcon.colcon_core.package_identification:_identify(tools) by extension 'colcon_meta'
[0.108s] Level 1:colcon.colcon_core.package_identification:_identify(tools) by extensions ['ros']
[0.108s] Level 1:colcon.colcon_core.package_identification:_identify(tools) by extension 'ros'
[0.108s] Level 1:colcon.colcon_core.package_identification:_identify(tools) by extensions ['cmake', 'python']
[0.108s] Level 1:colcon.colcon_core.package_identification:_identify(tools) by extension 'cmake'
[0.108s] Level 1:colcon.colcon_core.package_identification:_identify(tools) by extension 'python'
[0.108s] Level 1:colcon.colcon_core.package_identification:_identify(tools) by extensions ['python_setup_py']
[0.108s] Level 1:colcon.colcon_core.package_identification:_identify(tools) by extension 'python_setup_py'
[0.108s] Level 1:colcon.colcon_core.package_discovery:discover_packages(recursive) using defaults
[0.108s] Level 1:colcon.colcon_core.package_discovery:discover_packages(ignore) discover
[0.108s] Level 1:colcon.colcon_core.package_discovery:discover_packages(ignore) using defaults
[0.108s] Level 1:colcon.colcon_core.package_discovery:discover_packages(path) discover
[0.108s] Level 1:colcon.colcon_core.package_discovery:discover_packages(path) using defaults
[0.118s] INFO:colcon.colcon_core.package_selection:Skipping not selected package 'rmoss_gz_cam' in 'rmoss_gz_cam'
[0.118s] INFO:colcon.colcon_core.package_selection:Skipping not selected package 'rmoss_gz_plugins' in 'rmoss_gz_plugins'
[0.118s] INFO:colcon.colcon_core.package_selection:Skipping not selected package 'rmoss_gz_bridge' in 'rmoss_gz_bridge'
[0.119s] Level 1:colcon.colcon_core.package_discovery:discover_packages(prefix_path) check parameters
[0.119s] Level 1:colcon.colcon_core.package_discovery:discover_packages(prefix_path) discover
[0.122s] DEBUG:colcon.colcon_installed_package_information.package_discovery:Found 70 installed packages in /home/xlqmu/ws_moveit/install
[0.123s] DEBUG:colcon.colcon_installed_package_information.package_discovery:Found 459 installed packages in /opt/ros/jazzy
[0.124s] Level 1:colcon.colcon_core.package_discovery:discover_packages(prefix_path) using defaults
[0.165s] Level 5:colcon.colcon_core.verb:set package 'rmoss_gz_base' build argument 'cmake_args' from command line to '['-DCMAKE_BUILD_TYPE=Release', '-DCMAKE_EXPORT_COMPILE_COMMANDS=ON']'
[0.165s] Level 5:colcon.colcon_core.verb:set package 'rmoss_gz_base' build argument 'cmake_target' from command line to 'None'
[0.165s] Level 5:colcon.colcon_core.verb:set package 'rmoss_gz_base' build argument 'cmake_target_skip_unavailable' from command line to 'False'
[0.165s] Level 5:colcon.colcon_core.verb:set package 'rmoss_gz_base' build argument 'cmake_clean_cache' from command line to 'False'
[0.165s] Level 5:colcon.colcon_core.verb:set package 'rmoss_gz_base' build argument 'cmake_clean_first' from command line to 'False'
[0.165s] Level 5:colcon.colcon_core.verb:set package 'rmoss_gz_base' build argument 'cmake_force_configure' from command line to 'False'
[0.165s] Level 5:colcon.colcon_core.verb:set package 'rmoss_gz_base' build argument 'ament_cmake_args' from command line to 'None'
[0.165s] Level 5:colcon.colcon_core.verb:set package 'rmoss_gz_base' build argument 'catkin_cmake_args' from command line to 'None'
[0.165s] Level 5:colcon.colcon_core.verb:set package 'rmoss_gz_base' build argument 'catkin_skip_building_tests' from command line to 'False'
[0.165s] DEBUG:colcon.colcon_core.verb:Building package 'rmoss_gz_base' with the following arguments: {'ament_cmake_args': None, 'build_base': '/home/xlqmu/rmoss_gazebo/build/rmoss_gz_base', 'catkin_cmake_args': None, 'catkin_skip_building_tests': False, 'cmake_args': ['-DCMAKE_BUILD_TYPE=Release', '-DCMAKE_EXPORT_COMPILE_COMMANDS=ON'], 'cmake_clean_cache': False, 'cmake_clean_first': False, 'cmake_force_configure': False, 'cmake_target': None, 'cmake_target_skip_unavailable': False, 'install_base': '/home/xlqmu/rmoss_gazebo/install/rmoss_gz_base', 'merge_install': False, 'path': '/home/xlqmu/rmoss_gazebo/rmoss_gz_base', 'symlink_install': True, 'test_result_base': None}
[0.165s] INFO:colcon.colcon_core.executor:Executing jobs using 'parallel' executor
[0.166s] DEBUG:colcon.colcon_parallel_executor.executor.parallel:run_until_complete
[0.166s] INFO:colcon.colcon_ros.task.ament_cmake.build:Building ROS package in '/home/xlqmu/rmoss_gazebo/rmoss_gz_base' with build type 'ament_cmake'
[0.166s] INFO:colcon.colcon_cmake.task.cmake.build:Building CMake package in '/home/xlqmu/rmoss_gazebo/rmoss_gz_base'
[0.167s] INFO:colcon.colcon_core.plugin_system:Skipping extension 'colcon_core.shell.bat': Not used on non-Windows systems
[0.167s] INFO:colcon.colcon_core.shell:Skip shell extension 'powershell' for command environment: Not usable outside of PowerShell
[0.167s] DEBUG:colcon.colcon_core.shell:Skip shell extension 'dsv' for command environment
[0.178s] DEBUG:colcon.colcon_core.event_handler.log_command:Invoking command in '/home/xlqmu/rmoss_gazebo/build/rmoss_gz_base': AMENT_PREFIX_PATH=/home/xlqmu/rmoss_gazebo/install/rmoss_gz_plugins:${AMENT_PREFIX_PATH} CMAKE_PREFIX_PATH=/home/xlqmu/rmoss_gazebo/install/rmoss_gz_plugins:/home/xlqmu/ws_moveit/install/robotiq_hardware_tests:/home/xlqmu/ws_moveit/install/robotiq_driver:/home/xlqmu/ws_moveit/install/serial:/home/xlqmu/ws_moveit/install/moveit2_tutorials:/home/xlqmu/ws_moveit/install/moveit_visual_tools:/home/xlqmu/ws_moveit/install/rviz_visual_tools:/home/xlqmu/ws_moveit/install/moveit_task_constructor_visualization:/home/xlqmu/ws_moveit/install/moveit_task_constructor_demo:/home/xlqmu/ws_moveit/install/moveit_task_constructor_capabilities:/home/xlqmu/ws_moveit/install/moveit_task_constructor_core:/home/xlqmu/ws_moveit/install/rviz_marker_tools:/home/xlqmu/ws_moveit/install/kortex_bringup:/home/xlqmu/ws_moveit/install/kinova_gen3_lite_moveit_config:/home/xlqmu/ws_moveit/install/kinova_gen3_7dof_robotiq_2f_85_moveit_config:/home/xlqmu/ws_moveit/install/kinova_gen3_6dof_robotiq_2f_85_moveit_config:/home/xlqmu/ws_moveit/install/kortex_description:/home/xlqmu/ws_moveit/install/robotiq_description:/home/xlqmu/ws_moveit/install/robotiq_controllers:/home/xlqmu/ws_moveit/install/pilz_industrial_motion_planner_testutils:/home/xlqmu/ws_moveit/install/moveit_runtime:/home/xlqmu/ws_moveit/install/moveit:/home/xlqmu/ws_moveit/install/moveit_planners:/home/xlqmu/ws_moveit/install/pilz_industrial_motion_planner:/home/xlqmu/ws_moveit/install/moveit_task_constructor_msgs:/home/xlqmu/ws_moveit/install/moveit_ros_control_interface:/home/xlqmu/ws_moveit/install/moveit_plugins:/home/xlqmu/ws_moveit/install/moveit_simple_controller_manager:/home/xlqmu/ws_moveit/install/moveit_setup_assistant:/home/xlqmu/ws_moveit/install/moveit_setup_srdf_plugins:/home/xlqmu/ws_moveit/install/moveit_setup_core_plugins:/home/xlqmu/ws_moveit/install/moveit_setup_controllers:/home/xlqmu/ws_moveit/install/moveit_setup_app_plugins:/home/xlqmu/ws_moveit/install/moveit_setup_framework:/home/xlqmu/ws_moveit/install/moveit_servo:/home/xlqmu/ws_moveit/install/moveit_ros_trajectory_cache:/home/xlqmu/ws_moveit/install/moveit_ros:/home/xlqmu/ws_moveit/install/moveit_ros_visualization:/home/xlqmu/ws_moveit/install/moveit_py:/home/xlqmu/ws_moveit/install/moveit_hybrid_planning:/home/xlqmu/ws_moveit/install/moveit_ros_planning_interface:/home/xlqmu/ws_moveit/install/moveit_ros_benchmarks:/home/xlqmu/ws_moveit/install/moveit_ros_warehouse:/home/xlqmu/ws_moveit/install/moveit_ros_robot_interaction:/home/xlqmu/ws_moveit/install/moveit_ros_perception:/home/xlqmu/ws_moveit/install/moveit_resources_prbt_pg70_support:/home/xlqmu/ws_moveit/install/moveit_resources_prbt_moveit_config:/home/xlqmu/ws_moveit/install/moveit_ros_move_group:/home/xlqmu/ws_moveit/install/moveit_planners_ompl:/home/xlqmu/ws_moveit/install/moveit_kinematics:/home/xlqmu/ws_moveit/install/moveit_ros_planning:/home/xlqmu/ws_moveit/install/moveit_ros_occupancy_map_monitor:/home/xlqmu/ws_moveit/install/moveit_resources_prbt_support:/home/xlqmu/ws_moveit/install/moveit_resources_prbt_ikfast_manipulator_plugin:/home/xlqmu/ws_moveit/install/moveit_resources:/home/xlqmu/ws_moveit/install/moveit_resources_pr2_description:/home/xlqmu/ws_moveit/install/moveit_resources_panda_moveit_config:/home/xlqmu/ws_moveit/install/dual_arm_panda_moveit_config:/home/xlqmu/ws_moveit/install/moveit_resources_panda_description:/home/xlqmu/ws_moveit/install/moveit_resources_fanuc_moveit_config:/home/xlqmu/ws_moveit/install/moveit_resources_fanuc_description:/home/xlqmu/ws_moveit/install/moveit_planners_stomp:/home/xlqmu/ws_moveit/install/moveit_planners_chomp:/home/xlqmu/ws_moveit/install/chomp_motion_planner:/home/xlqmu/ws_moveit/install/moveit_core:/home/xlqmu/ws_moveit/install/moveit_msgs:/home/xlqmu/ws_moveit/install/moveit_common:/home/xlqmu/ws_moveit/install/kortex_driver:/home/xlqmu/ws_moveit/install/kortex_api:/opt/ros/jazzy/opt/gz_sim_vendor:/opt/ros/jazzy/opt/gz_sensors_vendor:/opt/ros/jazzy/opt/gz_physics_vendor:/opt/ros/jazzy/opt/sdformat_vendor:/opt/ros/jazzy/opt/gz_gui_vendor:/opt/ros/jazzy/opt/gz_transport_vendor:/opt/ros/jazzy/opt/gz_rendering_vendor:/opt/ros/jazzy/opt/gz_plugin_vendor:/opt/ros/jazzy/opt/gz_fuel_tools_vendor:/opt/ros/jazzy/opt/gz_msgs_vendor:/opt/ros/jazzy/opt/gz_common_vendor:/opt/ros/jazzy/opt/gz_math_vendor:/opt/ros/jazzy/opt/gz_utils_vendor:/opt/ros/jazzy/opt/gz_tools_vendor:/opt/ros/jazzy/opt/gz_ogre_next_vendor:/opt/ros/jazzy/opt/gz_dartsim_vendor:/opt/ros/jazzy/opt/gz_cmake_vendor:/home/xlqmu/ws_moveit/install/moveit_configs_utils:/opt/ros/jazzy DEBUGINFOD_URLS=https://debuginfod.ubuntu.com /usr/bin/cmake /home/xlqmu/rmoss_gazebo/rmoss_gz_base -DCMAKE_BUILD_TYPE=Release -DCMAKE_EXPORT_COMPILE_COMMANDS=ON -DAMENT_CMAKE_SYMLINK_INSTALL=1 -DCMAKE_INSTALL_PREFIX=/home/xlqmu/rmoss_gazebo/install/rmoss_gz_base
[1.504s] DEBUG:colcon.colcon_core.event_handler.log_command:Invoked command in '/home/xlqmu/rmoss_gazebo/build/rmoss_gz_base' returned '1': AMENT_PREFIX_PATH=/home/xlqmu/rmoss_gazebo/install/rmoss_gz_plugins:${AMENT_PREFIX_PATH} CMAKE_PREFIX_PATH=/home/xlqmu/rmoss_gazebo/install/rmoss_gz_plugins:/home/xlqmu/ws_moveit/install/robotiq_hardware_tests:/home/xlqmu/ws_moveit/install/robotiq_driver:/home/xlqmu/ws_moveit/install/serial:/home/xlqmu/ws_moveit/install/moveit2_tutorials:/home/xlqmu/ws_moveit/install/moveit_visual_tools:/home/xlqmu/ws_moveit/install/rviz_visual_tools:/home/xlqmu/ws_moveit/install/moveit_task_constructor_visualization:/home/xlqmu/ws_moveit/install/moveit_task_constructor_demo:/home/xlqmu/ws_moveit/install/moveit_task_constructor_capabilities:/home/xlqmu/ws_moveit/install/moveit_task_constructor_core:/home/xlqmu/ws_moveit/install/rviz_marker_tools:/home/xlqmu/ws_moveit/install/kortex_bringup:/home/xlqmu/ws_moveit/install/kinova_gen3_lite_moveit_config:/home/xlqmu/ws_moveit/install/kinova_gen3_7dof_robotiq_2f_85_moveit_config:/home/xlqmu/ws_moveit/install/kinova_gen3_6dof_robotiq_2f_85_moveit_config:/home/xlqmu/ws_moveit/install/kortex_description:/home/xlqmu/ws_moveit/install/robotiq_description:/home/xlqmu/ws_moveit/install/robotiq_controllers:/home/xlqmu/ws_moveit/install/pilz_industrial_motion_planner_testutils:/home/xlqmu/ws_moveit/install/moveit_runtime:/home/xlqmu/ws_moveit/install/moveit:/home/xlqmu/ws_moveit/install/moveit_planners:/home/xlqmu/ws_moveit/install/pilz_industrial_motion_planner:/home/xlqmu/ws_moveit/install/moveit_task_constructor_msgs:/home/xlqmu/ws_moveit/install/moveit_ros_control_interface:/home/xlqmu/ws_moveit/install/moveit_plugins:/home/xlqmu/ws_moveit/install/moveit_simple_controller_manager:/home/xlqmu/ws_moveit/install/moveit_setup_assistant:/home/xlqmu/ws_moveit/install/moveit_setup_srdf_plugins:/home/xlqmu/ws_moveit/install/moveit_setup_core_plugins:/home/xlqmu/ws_moveit/install/moveit_setup_controllers:/home/xlqmu/ws_moveit/install/moveit_setup_app_plugins:/home/xlqmu/ws_moveit/install/moveit_setup_framework:/home/xlqmu/ws_moveit/install/moveit_servo:/home/xlqmu/ws_moveit/install/moveit_ros_trajectory_cache:/home/xlqmu/ws_moveit/install/moveit_ros:/home/xlqmu/ws_moveit/install/moveit_ros_visualization:/home/xlqmu/ws_moveit/install/moveit_py:/home/xlqmu/ws_moveit/install/moveit_hybrid_planning:/home/xlqmu/ws_moveit/install/moveit_ros_planning_interface:/home/xlqmu/ws_moveit/install/moveit_ros_benchmarks:/home/xlqmu/ws_moveit/install/moveit_ros_warehouse:/home/xlqmu/ws_moveit/install/moveit_ros_robot_interaction:/home/xlqmu/ws_moveit/install/moveit_ros_perception:/home/xlqmu/ws_moveit/install/moveit_resources_prbt_pg70_support:/home/xlqmu/ws_moveit/install/moveit_resources_prbt_moveit_config:/home/xlqmu/ws_moveit/install/moveit_ros_move_group:/home/xlqmu/ws_moveit/install/moveit_planners_ompl:/home/xlqmu/ws_moveit/install/moveit_kinematics:/home/xlqmu/ws_moveit/install/moveit_ros_planning:/home/xlqmu/ws_moveit/install/moveit_ros_occupancy_map_monitor:/home/xlqmu/ws_moveit/install/moveit_resources_prbt_support:/home/xlqmu/ws_moveit/install/moveit_resources_prbt_ikfast_manipulator_plugin:/home/xlqmu/ws_moveit/install/moveit_resources:/home/xlqmu/ws_moveit/install/moveit_resources_pr2_description:/home/xlqmu/ws_moveit/install/moveit_resources_panda_moveit_config:/home/xlqmu/ws_moveit/install/dual_arm_panda_moveit_config:/home/xlqmu/ws_moveit/install/moveit_resources_panda_description:/home/xlqmu/ws_moveit/install/moveit_resources_fanuc_moveit_config:/home/xlqmu/ws_moveit/install/moveit_resources_fanuc_description:/home/xlqmu/ws_moveit/install/moveit_planners_stomp:/home/xlqmu/ws_moveit/install/moveit_planners_chomp:/home/xlqmu/ws_moveit/install/chomp_motion_planner:/home/xlqmu/ws_moveit/install/moveit_core:/home/xlqmu/ws_moveit/install/moveit_msgs:/home/xlqmu/ws_moveit/install/moveit_common:/home/xlqmu/ws_moveit/install/kortex_driver:/home/xlqmu/ws_moveit/install/kortex_api:/opt/ros/jazzy/opt/gz_sim_vendor:/opt/ros/jazzy/opt/gz_sensors_vendor:/opt/ros/jazzy/opt/gz_physics_vendor:/opt/ros/jazzy/opt/sdformat_vendor:/opt/ros/jazzy/opt/gz_gui_vendor:/opt/ros/jazzy/opt/gz_transport_vendor:/opt/ros/jazzy/opt/gz_rendering_vendor:/opt/ros/jazzy/opt/gz_plugin_vendor:/opt/ros/jazzy/opt/gz_fuel_tools_vendor:/opt/ros/jazzy/opt/gz_msgs_vendor:/opt/ros/jazzy/opt/gz_common_vendor:/opt/ros/jazzy/opt/gz_math_vendor:/opt/ros/jazzy/opt/gz_utils_vendor:/opt/ros/jazzy/opt/gz_tools_vendor:/opt/ros/jazzy/opt/gz_ogre_next_vendor:/opt/ros/jazzy/opt/gz_dartsim_vendor:/opt/ros/jazzy/opt/gz_cmake_vendor:/home/xlqmu/ws_moveit/install/moveit_configs_utils:/opt/ros/jazzy DEBUGINFOD_URLS=https://debuginfod.ubuntu.com /usr/bin/cmake /home/xlqmu/rmoss_gazebo/rmoss_gz_base -DCMAKE_BUILD_TYPE=Release -DCMAKE_EXPORT_COMPILE_COMMANDS=ON -DAMENT_CMAKE_SYMLINK_INSTALL=1 -DCMAKE_INSTALL_PREFIX=/home/xlqmu/rmoss_gazebo/install/rmoss_gz_base
[1.518s] Level 1:colcon.colcon_core.environment:create_environment_scripts_only(rmoss_gz_base)
[1.519s] Level 1:colcon.colcon_core.environment:checking '/home/xlqmu/rmoss_gazebo/install/rmoss_gz_base' for CMake module files
[1.520s] Level 1:colcon.colcon_core.environment:checking '/home/xlqmu/rmoss_gazebo/install/rmoss_gz_base' for CMake config files
[1.520s] Level 1:colcon.colcon_core.environment:checking '/home/xlqmu/rmoss_gazebo/install/rmoss_gz_base/bin'
[1.520s] Level 1:colcon.colcon_core.environment:checking '/home/xlqmu/rmoss_gazebo/install/rmoss_gz_base/lib/pkgconfig/rmoss_gz_base.pc'
[1.520s] Level 1:colcon.colcon_core.environment:checking '/home/xlqmu/rmoss_gazebo/install/rmoss_gz_base/lib/python3.12/site-packages'
[1.520s] Level 1:colcon.colcon_core.environment:checking '/home/xlqmu/rmoss_gazebo/install/rmoss_gz_base/bin'
[1.520s] INFO:colcon.colcon_core.shell:Creating package script '/home/xlqmu/rmoss_gazebo/install/rmoss_gz_base/share/rmoss_gz_base/package.ps1'
[1.521s] INFO:colcon.colcon_core.shell:Creating package descriptor '/home/xlqmu/rmoss_gazebo/install/rmoss_gz_base/share/rmoss_gz_base/package.dsv'
[1.521s] INFO:colcon.colcon_core.shell:Creating package script '/home/xlqmu/rmoss_gazebo/install/rmoss_gz_base/share/rmoss_gz_base/package.sh'
[1.521s] INFO:colcon.colcon_core.shell:Creating package script '/home/xlqmu/rmoss_gazebo/install/rmoss_gz_base/share/rmoss_gz_base/package.bash'
[1.522s] INFO:colcon.colcon_core.shell:Creating package script '/home/xlqmu/rmoss_gazebo/install/rmoss_gz_base/share/rmoss_gz_base/package.zsh'
[1.522s] Level 1:colcon.colcon_core.environment:create_file_with_runtime_dependencies(/home/xlqmu/rmoss_gazebo/install/rmoss_gz_base/share/colcon-core/packages/rmoss_gz_base)
[1.533s] DEBUG:colcon.colcon_parallel_executor.executor.parallel:closing loop
[1.533s] DEBUG:colcon.colcon_parallel_executor.executor.parallel:loop closed
[1.533s] DEBUG:colcon.colcon_parallel_executor.executor.parallel:run_until_complete finished with '1'
[1.533s] DEBUG:colcon.colcon_core.event_reactor:joining thread
[1.542s] INFO:colcon.colcon_core.plugin_system:Skipping extension 'colcon_notification.desktop_notification.terminal_notifier': Not used on non-Darwin systems
[1.542s] INFO:colcon.colcon_core.plugin_system:Skipping extension 'colcon_notification.desktop_notification.win32': Not used on non-Windows systems
[1.542s] INFO:colcon.colcon_notification.desktop_notification:Sending desktop notification using 'notify2'
[1.559s] DEBUG:colcon.colcon_core.event_reactor:joined thread
[1.560s] INFO:colcon.colcon_core.shell:Creating prefix script '/home/xlqmu/rmoss_gazebo/install/local_setup.ps1'
[1.562s] INFO:colcon.colcon_core.shell:Creating prefix util module '/home/xlqmu/rmoss_gazebo/install/_local_setup_util_ps1.py'
[1.563s] INFO:colcon.colcon_core.shell:Creating prefix chain script '/home/xlqmu/rmoss_gazebo/install/setup.ps1'
[1.566s] INFO:colcon.colcon_core.shell:Creating prefix script '/home/xlqmu/rmoss_gazebo/install/local_setup.sh'
[1.567s] INFO:colcon.colcon_core.shell:Creating prefix util module '/home/xlqmu/rmoss_gazebo/install/_local_setup_util_sh.py'
[1.567s] INFO:colcon.colcon_core.shell:Creating prefix chain script '/home/xlqmu/rmoss_gazebo/install/setup.sh'
[1.569s] INFO:colcon.colcon_core.shell:Creating prefix script '/home/xlqmu/rmoss_gazebo/install/local_setup.bash'
[1.569s] INFO:colcon.colcon_core.shell:Creating prefix chain script '/home/xlqmu/rmoss_gazebo/install/setup.bash'
[1.571s] INFO:colcon.colcon_core.shell:Creating prefix script '/home/xlqmu/rmoss_gazebo/install/local_setup.zsh'
[1.571s] INFO:colcon.colcon_core.shell:Creating prefix chain script '/home/xlqmu/rmoss_gazebo/install/setup.zsh'
