-- The C compiler identification is GNU 13.3.0
-- The CXX compiler identification is GNU 13.3.0
-- Detecting C compiler ABI info
-- Detecting C compiler ABI info - done
-- Check for working C compiler: /usr/bin/cc - skipped
-- Detecting C compile features
-- Detecting C compile features - done
-- Detecting CXX compiler ABI info
-- Detecting CXX compiler ABI info - done
-- Check for working CXX compiler: /usr/bin/c++ - skipped
-- Detecting CXX compile features
-- Detecting CXX compile features - done
-- Found ament_cmake: 2.5.4 (/opt/ros/jazzy/share/ament_cmake/cmake)
-- Found Python3: /usr/bin/python3 (found version "3.12.3") found components: Interpreter 
-- Override CMake install command with custom implementation using symlinks instead of copying resources
-- Looking for gz-msgs10 -- found version 10.3.2
-- Searching for dependencies of gz-msgs10
-- Found Protobuf: /usr/lib/x86_64-linux-gnu/libprotobuf.so (found version "3.21.12") 
-- Looking for gz-utils2 -- found version 2.2.1
-- Searching for dependencies of gz-utils2
-- Looking for gz-math7 -- found version 7.5.2
-- Searching for dependencies of gz-math7
-- Looking for gz-utils2 -- found version 2.2.1
-- Checking for module 'tinyxml2'
--   Found tinyxml2, version 10.0.0
-- Looking for gz-transport13 -- found version 13.4.1
-- Searching for dependencies of gz-transport13
-- Config-file not installed for ZeroMQ -- checking for pkg-config
-- Checking for module 'libzmq >= 4'
--   Found libzmq, version 4.3.5
-- Found ZeroMQ: TRUE (Required is at least version "4") 
-- Checking for module 'uuid'
--   Found uuid, version 2.39.3
-- Found UUID: TRUE  
-- Looking for gz-utils2 -- found version 2.2.1
-- Searching for dependencies of gz-utils2
-- Searching for <gz-utils2> component [cli]
-- Looking for gz-utils2-cli -- found version 2.2.1
-- Searching for dependencies of gz-utils2-cli
-- Looking for gz-msgs10 -- found version 10.3.2
-- Looking for gz-sim8 -- found version 8.9.0
-- Searching for dependencies of gz-sim8
-- Looking for sdformat14 -- found version 14.8.0
-- Searching for dependencies of sdformat14
-- Looking for gz-math7 -- found version 7.5.2
-- Looking for gz-utils2 -- found version 2.2.1
-- Looking for gz-plugin2 -- found version 2.0.4
-- Searching for dependencies of gz-plugin2
-- Looking for gz-utils2 -- found version 2.2.1
-- Searching for <gz-plugin2> component [loader]
-- Looking for gz-plugin2-loader -- found version 2.0.4
-- Searching for dependencies of gz-plugin2-loader
-- Searching for <gz-plugin2> component [register]
-- Looking for gz-plugin2-register -- found version 2.0.4
-- Searching for dependencies of gz-plugin2-register
-- Looking for gz-transport13 -- found version 13.4.1
-- Searching for dependencies of gz-transport13
-- Config-file not installed for ZeroMQ -- checking for pkg-config
-- Checking for module 'libzmq >= 4'
--   Found libzmq, version 4.3.5
-- Looking for gz-utils2 -- found version 2.2.1
-- Looking for gz-msgs10 -- found version 10.3.2
-- Searching for <gz-transport13> component [log]
-- Looking for gz-transport13-log -- found version 13.4.1
-- Searching for dependencies of gz-transport13-log
-- Searching for <gz-transport13> component [parameters]
-- Looking for gz-transport13-parameters -- found version 13.4.1
-- Searching for dependencies of gz-transport13-parameters
-- Looking for gz-msgs10 -- found version 10.3.2
-- Looking for gz-common5 -- found version 5.7.1
-- Searching for dependencies of gz-common5
-- Looking for gz-utils2 -- found version 2.2.1
-- Looking for dlfcn.h - found
-- Looking for libdl - found
-- Found DL: TRUE  
-- Searching for <gz-common5> component [av]
-- Looking for gz-common5-av -- found version 5.7.1
-- Searching for dependencies of gz-common5-av
-- Checking for module 'libswscale'
--   Found libswscale, version 7.5.100
-- Found SWSCALE: TRUE  
-- Checking for module 'libavdevice >= 56.4.100'
--   Found libavdevice, version 60.3.100
-- Found AVDEVICE: TRUE (Required is at least version "56.4.100") 
-- Checking for module 'libavformat'
--   Found libavformat, version 60.16.100
-- Found AVFORMAT: TRUE  
-- Checking for module 'libavcodec'
--   Found libavcodec, version 60.31.102
-- Found AVCODEC: TRUE  
-- Checking for module 'libavutil'
--   Found libavutil, version 58.29.100
-- Found AVUTIL: TRUE  
-- Searching for <gz-common5> component [events]
-- Looking for gz-common5-events -- found version 5.7.1
-- Searching for dependencies of gz-common5-events
-- Looking for gz-math7 -- found version 7.5.2
-- Searching for <gz-common5> component [graphics]
-- Looking for gz-common5-graphics -- found version 5.7.1
-- Searching for dependencies of gz-common5-graphics
-- Looking for gz-math7 -- found version 7.5.2
-- Found GzAssimp: TRUE (found version "5.3.0") 
-- Searching for <gz-common5> component [io]
-- Looking for gz-common5-io -- found version 5.7.1
-- Searching for dependencies of gz-common5-io
-- Searching for <gz-common5> component [profiler]
-- Looking for gz-common5-profiler -- found version 5.7.1
-- Searching for dependencies of gz-common5-profiler
-- Looking for gz-fuel_tools9 -- found version 9.1.1
-- Searching for dependencies of gz-fuel_tools9
-- Found CURL: /usr/lib/x86_64-linux-gnu/libcurl.so (found version "8.5.0")  
-- Checking for module 'jsoncpp'
--   Found jsoncpp, version 1.9.5
-- Found JSONCPP: TRUE  
-- Checking for module 'yaml-0.1'
--   Found yaml-0.1, version 0.2.5
-- Found YAML: TRUE  
-- Checking for module 'libzip'
--   Found libzip, version 1.7.3
-- Found ZIP: TRUE  
-- Looking for gz-utils2 -- found version 2.2.1
-- Looking for gz-common5 -- found version 5.7.1
-- Searching for dependencies of gz-common5
-- Looking for gz-utils2 -- found version 2.2.1
-- Looking for dlfcn.h - found
-- Looking for libdl - found
-- Searching for <gz-common5> component [testing]
-- Looking for gz-common5-testing -- found version 5.7.1
-- Searching for dependencies of gz-common5-testing
-- Looking for gz-math7 -- found version 7.5.2
-- Looking for gz-msgs10 -- found version 10.3.2
-- Looking for gz-gui8 -- found version 8.4.0
-- Searching for dependencies of gz-gui8
-- Looking for gz-utils2 -- found version 2.2.1
-- Looking for gz-math7 -- found version 7.5.2
-- Looking for gz-common5 -- found version 5.7.1
-- Looking for gz-plugin2 -- found version 2.0.4
-- Looking for gz-transport13 -- found version 13.4.1
-- Looking for gz-rendering8 -- found version 8.2.2
-- Searching for dependencies of gz-rendering8
-- Looking for gz-math7 -- found version 7.5.2
-- Searching for dependencies of gz-math7
-- Looking for gz-utils2 -- found version 2.2.1
-- Searching for <gz-math7> component [eigen3]
-- Looking for gz-math7-eigen3 -- found version 7.5.2
-- Searching for dependencies of gz-math7-eigen3
-- Looking for gz-common5 -- found version 5.7.1
-- Searching for dependencies of gz-common5
-- Looking for gz-utils2 -- found version 2.2.1
-- Looking for dlfcn.h - found
-- Looking for libdl - found
-- Searching for <gz-common5> component [graphics]
-- Searching for <gz-common5> component [events]
-- Searching for <gz-common5> component [geospatial]
-- Looking for gz-common5-geospatial -- found version 5.7.1
-- Searching for dependencies of gz-common5-geospatial
-- Looking for gz-math7 -- found version 7.5.2
-- Looking for gz-common5 -- found version 5.7.1
-- Looking for gz-plugin2 -- found version 2.0.4
-- Searching for dependencies of gz-plugin2
-- Looking for gz-utils2 -- found version 2.2.1
-- Searching for <gz-plugin2> component [all]
-- Looking for all libraries of gz-plugin2 -- found version 2.0.4
-- Looking for gz-plugin2 -- found version 2.0.4
-- Looking for gz-utils2 -- found version 2.2.1
-- Found OpenGL: /usr/lib/x86_64-linux-gnu/libOpenGL.so  found components: OpenGL 
-- Looking for gz-msgs10 -- found version 10.3.2
-- Looking for gz-physics7 -- found version 7.5.0
-- Searching for dependencies of gz-physics7
-- Looking for gz-common5 -- found version 5.7.1
-- Looking for gz-math7 -- found version 7.5.2
-- Looking for gz-plugin2 -- found version 2.0.4
-- Looking for gz-utils2 -- found version 2.2.1
-- Searching for <gz-physics7> component [heightmap]
-- Looking for gz-physics7-heightmap -- found version 7.5.0
-- Searching for dependencies of gz-physics7-heightmap
-- Looking for gz-common5 -- found version 5.7.1
-- Searching for <gz-physics7> component [mesh]
-- Looking for gz-physics7-mesh -- found version 7.5.0
-- Searching for dependencies of gz-physics7-mesh
-- Looking for gz-common5 -- found version 5.7.1
-- Searching for <gz-physics7> component [sdf]
-- Looking for gz-physics7-sdf -- found version 7.5.0
-- Searching for dependencies of gz-physics7-sdf
-- Looking for sdformat14 -- found version 14.8.0
-- Looking for gz-sensors8 -- found version 8.2.2
-- Searching for dependencies of gz-sensors8
-- Looking for gz-math7 -- found version 7.5.2
-- Looking for gz-common5 -- found version 5.7.1
-- Looking for gz-transport13 -- found version 13.4.1
-- Looking for gz-rendering8 -- found version 8.2.2
-- Looking for gz-msgs10 -- found version 10.3.2
-- Looking for sdformat14 -- found version 14.8.0
-- Searching for <gz-sensors8> component [air_pressure]
-- Looking for gz-sensors8-air_pressure -- found version 8.2.2
-- Searching for dependencies of gz-sensors8-air_pressure
-- Searching for <gz-sensors8> component [air_speed]
-- Looking for gz-sensors8-air_speed -- found version 8.2.2
-- Searching for dependencies of gz-sensors8-air_speed
-- Searching for <gz-sensors8> component [altimeter]
-- Looking for gz-sensors8-altimeter -- found version 8.2.2
-- Searching for dependencies of gz-sensors8-altimeter
-- Searching for <gz-sensors8> component [imu]
-- Looking for gz-sensors8-imu -- found version 8.2.2
-- Searching for dependencies of gz-sensors8-imu
-- Searching for <gz-sensors8> component [force_torque]
-- Looking for gz-sensors8-force_torque -- found version 8.2.2
-- Searching for dependencies of gz-sensors8-force_torque
-- Searching for <gz-sensors8> component [logical_camera]
-- Looking for gz-sensors8-logical_camera -- found version 8.2.2
-- Searching for dependencies of gz-sensors8-logical_camera
-- Searching for <gz-sensors8> component [magnetometer]
-- Looking for gz-sensors8-magnetometer -- found version 8.2.2
-- Searching for dependencies of gz-sensors8-magnetometer
-- Searching for <gz-sensors8> component [navsat]
-- Looking for gz-sensors8-navsat -- found version 8.2.2
-- Searching for dependencies of gz-sensors8-navsat
-- Searching for <gz-sensors8> component [dvl]
-- Looking for gz-sensors8-dvl -- found version 8.2.2
-- Searching for dependencies of gz-sensors8-dvl
-- Looking for gz-sensors8 -- found version 8.2.2
-- Searching for dependencies of gz-sensors8
-- Looking for gz-math7 -- found version 7.5.2
-- Looking for gz-common5 -- found version 5.7.1
-- Looking for gz-transport13 -- found version 13.4.1
-- Looking for gz-rendering8 -- found version 8.2.2
-- Looking for gz-msgs10 -- found version 10.3.2
-- Looking for sdformat14 -- found version 14.8.0
-- Searching for <gz-sensors8> component [rendering]
-- Looking for gz-sensors8-rendering -- found version 8.2.2
-- Searching for dependencies of gz-sensors8-rendering
-- Searching for <gz-sensors8> component [rendering]
-- Searching for <gz-sensors8> component [lidar]
-- Looking for gz-sensors8-lidar -- found version 8.2.2
-- Searching for dependencies of gz-sensors8-lidar
-- Looking for gz-sensors8 -- found version 8.2.2
-- Searching for <gz-sensors8> component [gpu_lidar]
-- Looking for gz-sensors8-gpu_lidar -- found version 8.2.2
-- Searching for dependencies of gz-sensors8-gpu_lidar
-- Looking for gz-sensors8 -- found version 8.2.2
-- Searching for <gz-sensors8> component [camera]
-- Looking for gz-sensors8-camera -- found version 8.2.2
-- Searching for dependencies of gz-sensors8-camera
-- Looking for gz-sensors8 -- found version 8.2.2
-- Searching for <gz-sensors8> component [boundingbox_camera]
-- Looking for gz-sensors8-boundingbox_camera -- found version 8.2.2
-- Searching for dependencies of gz-sensors8-boundingbox_camera
-- Searching for <gz-sensors8> component [segmentation_camera]
-- Looking for gz-sensors8-segmentation_camera -- found version 8.2.2
-- Searching for dependencies of gz-sensors8-segmentation_camera
-- Searching for <gz-sensors8> component [depth_camera]
-- Looking for gz-sensors8-depth_camera -- found version 8.2.2
-- Searching for dependencies of gz-sensors8-depth_camera
-- Looking for gz-sensors8 -- found version 8.2.2
-- Searching for <gz-sensors8> component [rgbd_camera]
-- Looking for gz-sensors8-rgbd_camera -- found version 8.2.2
-- Searching for dependencies of gz-sensors8-rgbd_camera
-- Looking for gz-sensors8 -- found version 8.2.2
-- Searching for <gz-sensors8> component [thermal_camera]
-- Looking for gz-sensors8-thermal_camera -- found version 8.2.2
-- Searching for dependencies of gz-sensors8-thermal_camera
-- Looking for gz-sensors8 -- found version 8.2.2
-- Searching for <gz-sensors8> component [wide_angle_camera]
-- Looking for gz-sensors8-wide_angle_camera -- found version 8.2.2
-- Searching for dependencies of gz-sensors8-wide_angle_camera
-- Looking for gz-rendering8 -- found version 8.2.2
-- Looking for gz-math7 -- found version 7.5.2
-- Looking for gz-utils2 -- found version 2.2.1
-- Configuring done (3.3s)
-- Generating done (0.0s)
-- Build files have been written to: /home/xlqmu/rmoss_gazebo/build/rmoss_gz_plugins
[ 16%] [32mBuilding CXX object CMakeFiles/MecanumDrive2.dir/plugins/mecanum_drive2/MecanumDrive2.cc.o[0m
[ 50%] [32mBuilding CXX object CMakeFiles/ProjectileShooter.dir/plugins/projectile_shooter/ProjectileShooter.cc.o[0m
[ 50%] [32mBuilding CXX object CMakeFiles/LightBarController.dir/plugins/light_bar_controller/LightBarController.cc.o[0m
[01m[K/home/xlqmu/rmoss_gazebo/rmoss_gz_plugins/plugins/mecanum_drive2/MecanumDrive2.cc:[m[K In member function ‘[01m[Kvoid gz::sim::v8::systems::MecanumDrive2Private::[01;32m[KUpdateOdometry[m[K(const gz::sim::v8::UpdateInfo&, const gz::sim::v8::EntityComponentManager&)[m[K’:
[01m[K/home/xlqmu/rmoss_gazebo/rmoss_gz_plugins/plugins/mecanum_drive2/MecanumDrive2.cc:226:33:[m[K [01;35m[Kwarning: [m[K‘[01m[Kgz::math::v7::Pose3<T> gz::math::v7::Pose3<T>::[01;32m[Koperator-[m[K(const gz::math::v7::Pose3<T>&) const [35m[K[with T = double][m[K[m[K’ is deprecated [[01;35m[K]8;;https://gcc.gnu.org/onlinedocs/gcc/Warning-Options.html#index-Wdeprecated-declarations-Wdeprecated-declarations]8;;[m[K]
  226 |   auto diffPose = chassisPose - [01;35m[KinitPose[m[K;
      |                                 [01;35m[K^~~~~~~~[m[K
In file included from [01m[K/opt/ros/jazzy/opt/gz_math_vendor/include/gz/math7/gz/math/Inertial.hh:26[m[K,
                 from [01m[K/opt/ros/jazzy/opt/gz_sim_vendor/include/gz/sim8/gz/sim/Conversions.hh:44[m[K,
                 from [01m[K/home/xlqmu/rmoss_gazebo/rmoss_gz_plugins/plugins/mecanum_drive2/MecanumDrive2.cc:21[m[K:
[01m[K/opt/ros/jazzy/opt/gz_math_vendor/include/gz/math7/gz/math/Pose3.hh:222:39:[m[K [01;36m[Knote: [m[Kdeclared here
  222 |     public: GZ_DEPRECATED(7) Pose3<T> [01;36m[Koperator[m[K-(const Pose3<T> &_pose) const
      |                                       [01;36m[K^~~~~~~~[m[K
[ 66%] [32m[1mLinking CXX shared library libMecanumDrive2.so[0m
[ 66%] Built target MecanumDrive2
[ 83%] [32m[1mLinking CXX shared library libLightBarController.so[0m
[ 83%] Built target LightBarController
[100%] [32m[1mLinking CXX shared library libProjectileShooter.so[0m
[100%] Built target ProjectileShooter
-- Install configuration: "Release"
-- Execute custom install script
-- Symlinking: /home/xlqmu/rmoss_gazebo/install/rmoss_gz_plugins/plugins/libMecanumDrive2.so
-- Symlinking: /home/xlqmu/rmoss_gazebo/install/rmoss_gz_plugins/plugins/libProjectileShooter.so
-- Symlinking: /home/xlqmu/rmoss_gazebo/install/rmoss_gz_plugins/plugins/libLightBarController.so
-- Symlinking: /home/xlqmu/rmoss_gazebo/install/rmoss_gz_plugins/share/rmoss_gz_plugins/environment/gazebo.dsv
-- Symlinking: /home/xlqmu/rmoss_gazebo/install/rmoss_gz_plugins/share/ament_index/resource_index/package_run_dependencies/rmoss_gz_plugins
-- Symlinking: /home/xlqmu/rmoss_gazebo/install/rmoss_gz_plugins/share/ament_index/resource_index/parent_prefix_path/rmoss_gz_plugins
-- Symlinking: /home/xlqmu/rmoss_gazebo/install/rmoss_gz_plugins/share/rmoss_gz_plugins/environment/ament_prefix_path.sh
-- Symlinking: /home/xlqmu/rmoss_gazebo/install/rmoss_gz_plugins/share/rmoss_gz_plugins/environment/ament_prefix_path.dsv
-- Symlinking: /home/xlqmu/rmoss_gazebo/install/rmoss_gz_plugins/share/rmoss_gz_plugins/environment/path.sh
-- Symlinking: /home/xlqmu/rmoss_gazebo/install/rmoss_gz_plugins/share/rmoss_gz_plugins/environment/path.dsv
-- Symlinking: /home/xlqmu/rmoss_gazebo/install/rmoss_gz_plugins/share/rmoss_gz_plugins/local_setup.bash
-- Symlinking: /home/xlqmu/rmoss_gazebo/install/rmoss_gz_plugins/share/rmoss_gz_plugins/local_setup.sh
-- Symlinking: /home/xlqmu/rmoss_gazebo/install/rmoss_gz_plugins/share/rmoss_gz_plugins/local_setup.zsh
-- Symlinking: /home/xlqmu/rmoss_gazebo/install/rmoss_gz_plugins/share/rmoss_gz_plugins/local_setup.dsv
-- Symlinking: /home/xlqmu/rmoss_gazebo/install/rmoss_gz_plugins/share/rmoss_gz_plugins/package.dsv
-- Symlinking: /home/xlqmu/rmoss_gazebo/install/rmoss_gz_plugins/share/ament_index/resource_index/packages/rmoss_gz_plugins
-- Symlinking: /home/xlqmu/rmoss_gazebo/install/rmoss_gz_plugins/share/rmoss_gz_plugins/cmake/rmoss_gz_pluginsConfig.cmake
-- Symlinking: /home/xlqmu/rmoss_gazebo/install/rmoss_gz_plugins/share/rmoss_gz_plugins/cmake/rmoss_gz_pluginsConfig-version.cmake
-- Symlinking: /home/xlqmu/rmoss_gazebo/install/rmoss_gz_plugins/share/rmoss_gz_plugins/package.xml
