[0.010s] Invoking command in '/home/xlqmu/rmoss_gazebo/build/rmoss_gz_plugins': CMAKE_PREFIX_PATH=${CMAKE_PREFIX_PATH}:/home/xlqmu/ws_moveit/install/moveit_configs_utils:/opt/ros/jazzy DEBUGINFOD_URLS=https://debuginfod.ubuntu.com /usr/bin/cmake /home/xlqmu/rmoss_gazebo/rmoss_gz_plugins -DCMAKE_BUILD_TYPE=Release -DCMAKE_EXPORT_COMPILE_COMMANDS=ON -DAMENT_CMAKE_SYMLINK_INSTALL=1 -DCMAKE_INSTALL_PREFIX=/home/xlqmu/rmoss_gazebo/install/rmoss_gz_plugins
[0.073s] -- The C compiler identification is GNU 13.3.0
[0.145s] -- The CXX compiler identification is GNU 13.3.0
[0.169s] -- Detecting C compiler ABI info
[0.350s] -- Detecting C compiler ABI info - done
[0.364s] -- Check for working C compiler: /usr/bin/cc - skipped
[0.365s] -- Detecting C compile features
[0.365s] -- Detecting C compile features - done
[0.381s] -- Detecting CXX compiler ABI info
[0.515s] -- Detecting CXX compiler ABI info - done
[0.520s] -- Check for working CXX compiler: /usr/bin/c++ - skipped
[0.521s] -- Detecting CXX compile features
[0.521s] -- Detecting CXX compile features - done
[0.526s] -- Found ament_cmake: 2.5.4 (/opt/ros/jazzy/share/ament_cmake/cmake)
[0.681s] -- Found Python3: /usr/bin/python3 (found version "3.12.3") found components: Interpreter 
[0.733s] -- Override CMake install command with custom implementation using symlinks instead of copying resources
[0.796s] -- Looking for gz-msgs10 -- found version 10.3.2
[0.803s] -- Searching for dependencies of gz-msgs10
[0.948s] -- Found Protobuf: /usr/lib/x86_64-linux-gnu/libprotobuf.so (found version "3.21.12") 
[0.955s] -- Looking for gz-utils2 -- found version 2.2.1
[0.955s] -- Searching for dependencies of gz-utils2
[0.960s] -- Looking for gz-math7 -- found version 7.5.2
[0.960s] -- Searching for dependencies of gz-math7
[0.960s] -- Looking for gz-utils2 -- found version 2.2.1
[0.969s] -- Checking for module 'tinyxml2'
[1.000s] --   Found tinyxml2, version 10.0.0
[1.083s] -- Looking for gz-transport13 -- found version 13.4.1
[1.083s] -- Searching for dependencies of gz-transport13
[1.111s] -- Config-file not installed for ZeroMQ -- checking for pkg-config
[1.116s] -- Checking for module 'libzmq >= 4'
[1.143s] --   Found libzmq, version 4.3.5
[1.276s] -- Found ZeroMQ: TRUE (Required is at least version "4") 
[1.286s] -- Checking for module 'uuid'
[1.337s] --   Found uuid, version 2.39.3
[1.456s] -- Found UUID: TRUE  
[1.457s] -- Looking for gz-utils2 -- found version 2.2.1
[1.458s] -- Searching for dependencies of gz-utils2
[1.458s] -- Searching for <gz-utils2> component [cli]
[1.466s] -- Looking for gz-utils2-cli -- found version 2.2.1
[1.466s] -- Searching for dependencies of gz-utils2-cli
[1.467s] -- Looking for gz-msgs10 -- found version 10.3.2
[1.470s] -- Looking for gz-sim8 -- found version 8.9.0
[1.470s] -- Searching for dependencies of gz-sim8
[1.473s] -- Looking for sdformat14 -- found version 14.8.0
[1.473s] -- Searching for dependencies of sdformat14
[1.478s] -- Looking for gz-math7 -- found version 7.5.2
[1.479s] -- Looking for gz-utils2 -- found version 2.2.1
[1.482s] -- Looking for gz-plugin2 -- found version 2.0.4
[1.482s] -- Searching for dependencies of gz-plugin2
[1.482s] -- Looking for gz-utils2 -- found version 2.2.1
[1.483s] -- Searching for <gz-plugin2> component [loader]
[1.488s] -- Looking for gz-plugin2-loader -- found version 2.0.4
[1.488s] -- Searching for dependencies of gz-plugin2-loader
[1.488s] -- Searching for <gz-plugin2> component [register]
[1.492s] -- Looking for gz-plugin2-register -- found version 2.0.4
[1.492s] -- Searching for dependencies of gz-plugin2-register
[1.492s] -- Looking for gz-transport13 -- found version 13.4.1
[1.492s] -- Searching for dependencies of gz-transport13
[1.521s] -- Config-file not installed for ZeroMQ -- checking for pkg-config
[1.525s] -- Checking for module 'libzmq >= 4'
[1.575s] --   Found libzmq, version 4.3.5
[1.725s] -- Looking for gz-utils2 -- found version 2.2.1
[1.726s] -- Looking for gz-msgs10 -- found version 10.3.2
[1.726s] -- Searching for <gz-transport13> component [log]
[1.731s] -- Looking for gz-transport13-log -- found version 13.4.1
[1.731s] -- Searching for dependencies of gz-transport13-log
[1.732s] -- Searching for <gz-transport13> component [parameters]
[1.735s] -- Looking for gz-transport13-parameters -- found version 13.4.1
[1.735s] -- Searching for dependencies of gz-transport13-parameters
[1.735s] -- Looking for gz-msgs10 -- found version 10.3.2
[1.739s] -- Looking for gz-common5 -- found version 5.7.1
[1.739s] -- Searching for dependencies of gz-common5
[1.739s] -- Looking for gz-utils2 -- found version 2.2.1
[1.740s] -- Looking for dlfcn.h - found
[1.741s] -- Looking for libdl - found
[1.742s] -- Found DL: TRUE  
[1.747s] -- Searching for <gz-common5> component [av]
[1.751s] -- Looking for gz-common5-av -- found version 5.7.1
[1.751s] -- Searching for dependencies of gz-common5-av
[1.756s] -- Checking for module 'libswscale'
[1.787s] --   Found libswscale, version 7.5.100
[1.906s] -- Found SWSCALE: TRUE  
[1.919s] -- Checking for module 'libavdevice >= 56.4.100'
[1.979s] --   Found libavdevice, version 60.3.100
[2.078s] -- Found AVDEVICE: TRUE (Required is at least version "56.4.100") 
[2.087s] -- Checking for module 'libavformat'
[2.123s] --   Found libavformat, version 60.16.100
[2.212s] -- Found AVFORMAT: TRUE  
[2.220s] -- Checking for module 'libavcodec'
[2.268s] --   Found libavcodec, version 60.31.102
[2.349s] -- Found AVCODEC: TRUE  
[2.358s] -- Checking for module 'libavutil'
[2.389s] --   Found libavutil, version 58.29.100
[2.467s] -- Found AVUTIL: TRUE  
[2.468s] -- Searching for <gz-common5> component [events]
[2.475s] -- Looking for gz-common5-events -- found version 5.7.1
[2.476s] -- Searching for dependencies of gz-common5-events
[2.476s] -- Looking for gz-math7 -- found version 7.5.2
[2.476s] -- Searching for <gz-common5> component [graphics]
[2.480s] -- Looking for gz-common5-graphics -- found version 5.7.1
[2.480s] -- Searching for dependencies of gz-common5-graphics
[2.480s] -- Looking for gz-math7 -- found version 7.5.2
[2.485s] -- Found GzAssimp: TRUE (found version "5.3.0") 
[2.485s] -- Searching for <gz-common5> component [io]
[2.488s] -- Looking for gz-common5-io -- found version 5.7.1
[2.488s] -- Searching for dependencies of gz-common5-io
[2.489s] -- Searching for <gz-common5> component [profiler]
[2.492s] -- Looking for gz-common5-profiler -- found version 5.7.1
[2.492s] -- Searching for dependencies of gz-common5-profiler
[2.495s] -- Looking for gz-fuel_tools9 -- found version 9.1.1
[2.495s] -- Searching for dependencies of gz-fuel_tools9
[2.670s] -- Found CURL: /usr/lib/x86_64-linux-gnu/libcurl.so (found version "8.5.0")  
[2.679s] -- Checking for module 'jsoncpp'
[2.704s] --   Found jsoncpp, version 1.9.5
[2.787s] -- Found JSONCPP: TRUE  
[2.801s] -- Checking for module 'yaml-0.1'
[2.827s] --   Found yaml-0.1, version 0.2.5
[2.906s] -- Found YAML: TRUE  
[2.915s] -- Checking for module 'libzip'
[2.960s] --   Found libzip, version 1.7.3
[3.024s] -- Found ZIP: TRUE  
[3.025s] -- Looking for gz-utils2 -- found version 2.2.1
[3.026s] -- Looking for gz-common5 -- found version 5.7.1
[3.026s] -- Searching for dependencies of gz-common5
[3.027s] -- Looking for gz-utils2 -- found version 2.2.1
[3.027s] -- Looking for dlfcn.h - found
[3.027s] -- Looking for libdl - found
[3.044s] -- Searching for <gz-common5> component [testing]
[3.054s] -- Looking for gz-common5-testing -- found version 5.7.1
[3.054s] -- Searching for dependencies of gz-common5-testing
[3.055s] -- Looking for gz-math7 -- found version 7.5.2
[3.056s] -- Looking for gz-msgs10 -- found version 10.3.2
[3.059s] -- Looking for gz-gui8 -- found version 8.4.0
[3.059s] -- Searching for dependencies of gz-gui8
[3.080s] -- Looking for gz-utils2 -- found version 2.2.1
[3.081s] -- Looking for gz-math7 -- found version 7.5.2
[3.081s] -- Looking for gz-common5 -- found version 5.7.1
[3.081s] -- Looking for gz-plugin2 -- found version 2.0.4
[3.081s] -- Looking for gz-transport13 -- found version 13.4.1
[3.084s] -- Looking for gz-rendering8 -- found version 8.2.2
[3.085s] -- Searching for dependencies of gz-rendering8
[3.085s] -- Looking for gz-math7 -- found version 7.5.2
[3.085s] -- Searching for dependencies of gz-math7
[3.085s] -- Looking for gz-utils2 -- found version 2.2.1
[3.085s] -- Searching for <gz-math7> component [eigen3]
[3.089s] -- Looking for gz-math7-eigen3 -- found version 7.5.2
[3.089s] -- Searching for dependencies of gz-math7-eigen3
[3.100s] -- Looking for gz-common5 -- found version 5.7.1
[3.100s] -- Searching for dependencies of gz-common5
[3.100s] -- Looking for gz-utils2 -- found version 2.2.1
[3.100s] -- Looking for dlfcn.h - found
[3.100s] -- Looking for libdl - found
[3.106s] -- Searching for <gz-common5> component [graphics]
[3.107s] -- Searching for <gz-common5> component [events]
[3.107s] -- Searching for <gz-common5> component [geospatial]
[3.113s] -- Looking for gz-common5-geospatial -- found version 5.7.1
[3.113s] -- Searching for dependencies of gz-common5-geospatial
[3.114s] -- Looking for gz-math7 -- found version 7.5.2
[3.114s] -- Looking for gz-common5 -- found version 5.7.1
[3.115s] -- Looking for gz-plugin2 -- found version 2.0.4
[3.115s] -- Searching for dependencies of gz-plugin2
[3.115s] -- Looking for gz-utils2 -- found version 2.2.1
[3.116s] -- Searching for <gz-plugin2> component [all]
[3.119s] -- Looking for all libraries of gz-plugin2 -- found version 2.0.4
[3.120s] -- Looking for gz-plugin2 -- found version 2.0.4
[3.121s] -- Looking for gz-utils2 -- found version 2.2.1
[3.138s] -- Found OpenGL: /usr/lib/x86_64-linux-gnu/libOpenGL.so  found components: OpenGL 
[3.138s] -- Looking for gz-msgs10 -- found version 10.3.2
[3.160s] -- Looking for gz-physics7 -- found version 7.5.0
[3.160s] -- Searching for dependencies of gz-physics7
[3.160s] -- Looking for gz-common5 -- found version 5.7.1
[3.160s] -- Looking for gz-math7 -- found version 7.5.2
[3.160s] -- Looking for gz-plugin2 -- found version 2.0.4
[3.160s] -- Looking for gz-utils2 -- found version 2.2.1
[3.161s] -- Searching for <gz-physics7> component [heightmap]
[3.164s] -- Looking for gz-physics7-heightmap -- found version 7.5.0
[3.164s] -- Searching for dependencies of gz-physics7-heightmap
[3.164s] -- Looking for gz-common5 -- found version 5.7.1
[3.164s] -- Searching for <gz-physics7> component [mesh]
[3.167s] -- Looking for gz-physics7-mesh -- found version 7.5.0
[3.167s] -- Searching for dependencies of gz-physics7-mesh
[3.167s] -- Looking for gz-common5 -- found version 5.7.1
[3.168s] -- Searching for <gz-physics7> component [sdf]
[3.170s] -- Looking for gz-physics7-sdf -- found version 7.5.0
[3.170s] -- Searching for dependencies of gz-physics7-sdf
[3.171s] -- Looking for sdformat14 -- found version 14.8.0
[3.173s] -- Looking for gz-sensors8 -- found version 8.2.2
[3.174s] -- Searching for dependencies of gz-sensors8
[3.190s] -- Looking for gz-math7 -- found version 7.5.2
[3.190s] -- Looking for gz-common5 -- found version 5.7.1
[3.190s] -- Looking for gz-transport13 -- found version 13.4.1
[3.191s] -- Looking for gz-rendering8 -- found version 8.2.2
[3.191s] -- Looking for gz-msgs10 -- found version 10.3.2
[3.191s] -- Looking for sdformat14 -- found version 14.8.0
[3.191s] -- Searching for <gz-sensors8> component [air_pressure]
[3.194s] -- Looking for gz-sensors8-air_pressure -- found version 8.2.2
[3.194s] -- Searching for dependencies of gz-sensors8-air_pressure
[3.194s] -- Searching for <gz-sensors8> component [air_speed]
[3.197s] -- Looking for gz-sensors8-air_speed -- found version 8.2.2
[3.197s] -- Searching for dependencies of gz-sensors8-air_speed
[3.197s] -- Searching for <gz-sensors8> component [altimeter]
[3.200s] -- Looking for gz-sensors8-altimeter -- found version 8.2.2
[3.200s] -- Searching for dependencies of gz-sensors8-altimeter
[3.200s] -- Searching for <gz-sensors8> component [imu]
[3.203s] -- Looking for gz-sensors8-imu -- found version 8.2.2
[3.203s] -- Searching for dependencies of gz-sensors8-imu
[3.203s] -- Searching for <gz-sensors8> component [force_torque]
[3.206s] -- Looking for gz-sensors8-force_torque -- found version 8.2.2
[3.206s] -- Searching for dependencies of gz-sensors8-force_torque
[3.206s] -- Searching for <gz-sensors8> component [logical_camera]
[3.209s] -- Looking for gz-sensors8-logical_camera -- found version 8.2.2
[3.209s] -- Searching for dependencies of gz-sensors8-logical_camera
[3.209s] -- Searching for <gz-sensors8> component [magnetometer]
[3.211s] -- Looking for gz-sensors8-magnetometer -- found version 8.2.2
[3.212s] -- Searching for dependencies of gz-sensors8-magnetometer
[3.212s] -- Searching for <gz-sensors8> component [navsat]
[3.215s] -- Looking for gz-sensors8-navsat -- found version 8.2.2
[3.215s] -- Searching for dependencies of gz-sensors8-navsat
[3.215s] -- Searching for <gz-sensors8> component [dvl]
[3.218s] -- Looking for gz-sensors8-dvl -- found version 8.2.2
[3.218s] -- Searching for dependencies of gz-sensors8-dvl
[3.218s] -- Looking for gz-sensors8 -- found version 8.2.2
[3.218s] -- Searching for dependencies of gz-sensors8
[3.237s] -- Looking for gz-math7 -- found version 7.5.2
[3.237s] -- Looking for gz-common5 -- found version 5.7.1
[3.237s] -- Looking for gz-transport13 -- found version 13.4.1
[3.237s] -- Looking for gz-rendering8 -- found version 8.2.2
[3.238s] -- Looking for gz-msgs10 -- found version 10.3.2
[3.238s] -- Looking for sdformat14 -- found version 14.8.0
[3.238s] -- Searching for <gz-sensors8> component [rendering]
[3.241s] -- Looking for gz-sensors8-rendering -- found version 8.2.2
[3.241s] -- Searching for dependencies of gz-sensors8-rendering
[3.242s] -- Searching for <gz-sensors8> component [rendering]
[3.242s] -- Searching for <gz-sensors8> component [lidar]
[3.245s] -- Looking for gz-sensors8-lidar -- found version 8.2.2
[3.245s] -- Searching for dependencies of gz-sensors8-lidar
[3.245s] -- Looking for gz-sensors8 -- found version 8.2.2
[3.245s] -- Searching for <gz-sensors8> component [gpu_lidar]
[3.248s] -- Looking for gz-sensors8-gpu_lidar -- found version 8.2.2
[3.248s] -- Searching for dependencies of gz-sensors8-gpu_lidar
[3.248s] -- Looking for gz-sensors8 -- found version 8.2.2
[3.248s] -- Searching for <gz-sensors8> component [camera]
[3.251s] -- Looking for gz-sensors8-camera -- found version 8.2.2
[3.251s] -- Searching for dependencies of gz-sensors8-camera
[3.251s] -- Looking for gz-sensors8 -- found version 8.2.2
[3.252s] -- Searching for <gz-sensors8> component [boundingbox_camera]
[3.254s] -- Looking for gz-sensors8-boundingbox_camera -- found version 8.2.2
[3.254s] -- Searching for dependencies of gz-sensors8-boundingbox_camera
[3.255s] -- Searching for <gz-sensors8> component [segmentation_camera]
[3.257s] -- Looking for gz-sensors8-segmentation_camera -- found version 8.2.2
[3.257s] -- Searching for dependencies of gz-sensors8-segmentation_camera
[3.257s] -- Searching for <gz-sensors8> component [depth_camera]
[3.260s] -- Looking for gz-sensors8-depth_camera -- found version 8.2.2
[3.260s] -- Searching for dependencies of gz-sensors8-depth_camera
[3.260s] -- Looking for gz-sensors8 -- found version 8.2.2
[3.261s] -- Searching for <gz-sensors8> component [rgbd_camera]
[3.263s] -- Looking for gz-sensors8-rgbd_camera -- found version 8.2.2
[3.263s] -- Searching for dependencies of gz-sensors8-rgbd_camera
[3.264s] -- Looking for gz-sensors8 -- found version 8.2.2
[3.264s] -- Searching for <gz-sensors8> component [thermal_camera]
[3.267s] -- Looking for gz-sensors8-thermal_camera -- found version 8.2.2
[3.267s] -- Searching for dependencies of gz-sensors8-thermal_camera
[3.267s] -- Looking for gz-sensors8 -- found version 8.2.2
[3.267s] -- Searching for <gz-sensors8> component [wide_angle_camera]
[3.270s] -- Looking for gz-sensors8-wide_angle_camera -- found version 8.2.2
[3.270s] -- Searching for dependencies of gz-sensors8-wide_angle_camera
[3.270s] -- Looking for gz-rendering8 -- found version 8.2.2
[3.271s] -- Looking for gz-math7 -- found version 7.5.2
[3.271s] -- Looking for gz-utils2 -- found version 2.2.1
[3.348s] -- Configuring done (3.3s)
[3.360s] -- Generating done (0.0s)
[3.363s] -- Build files have been written to: /home/xlqmu/rmoss_gazebo/build/rmoss_gz_plugins
[3.373s] Invoked command in '/home/xlqmu/rmoss_gazebo/build/rmoss_gz_plugins' returned '0': CMAKE_PREFIX_PATH=${CMAKE_PREFIX_PATH}:/home/xlqmu/ws_moveit/install/moveit_configs_utils:/opt/ros/jazzy DEBUGINFOD_URLS=https://debuginfod.ubuntu.com /usr/bin/cmake /home/xlqmu/rmoss_gazebo/rmoss_gz_plugins -DCMAKE_BUILD_TYPE=Release -DCMAKE_EXPORT_COMPILE_COMMANDS=ON -DAMENT_CMAKE_SYMLINK_INSTALL=1 -DCMAKE_INSTALL_PREFIX=/home/xlqmu/rmoss_gazebo/install/rmoss_gz_plugins
[3.374s] Invoking command in '/home/xlqmu/rmoss_gazebo/build/rmoss_gz_plugins': CMAKE_PREFIX_PATH=${CMAKE_PREFIX_PATH}:/home/xlqmu/ws_moveit/install/moveit_configs_utils:/opt/ros/jazzy DEBUGINFOD_URLS=https://debuginfod.ubuntu.com /usr/bin/cmake --build /home/xlqmu/rmoss_gazebo/build/rmoss_gz_plugins -- -j20 -l20
[3.435s] [ 16%] [32mBuilding CXX object CMakeFiles/MecanumDrive2.dir/plugins/mecanum_drive2/MecanumDrive2.cc.o[0m
[3.435s] [ 50%] [32mBuilding CXX object CMakeFiles/ProjectileShooter.dir/plugins/projectile_shooter/ProjectileShooter.cc.o[0m
[3.435s] [ 50%] [32mBuilding CXX object CMakeFiles/LightBarController.dir/plugins/light_bar_controller/LightBarController.cc.o[0m
[5.090s] [01m[K/home/xlqmu/rmoss_gazebo/rmoss_gz_plugins/plugins/mecanum_drive2/MecanumDrive2.cc:[m[K In member function ‘[01m[Kvoid gz::sim::v8::systems::MecanumDrive2Private::[01;32m[KUpdateOdometry[m[K(const gz::sim::v8::UpdateInfo&, const gz::sim::v8::EntityComponentManager&)[m[K’:
[5.090s] [01m[K/home/xlqmu/rmoss_gazebo/rmoss_gz_plugins/plugins/mecanum_drive2/MecanumDrive2.cc:226:33:[m[K [01;35m[Kwarning: [m[K‘[01m[Kgz::math::v7::Pose3<T> gz::math::v7::Pose3<T>::[01;32m[Koperator-[m[K(const gz::math::v7::Pose3<T>&) const [35m[K[with T = double][m[K[m[K’ is deprecated [[01;35m[K]8;;https://gcc.gnu.org/onlinedocs/gcc/Warning-Options.html#index-Wdeprecated-declarations-Wdeprecated-declarations]8;;[m[K]
[5.090s]   226 |   auto diffPose = chassisPose - [01;35m[KinitPose[m[K;
[5.090s]       |                                 [01;35m[K^~~~~~~~[m[K
[5.090s] In file included from [01m[K/opt/ros/jazzy/opt/gz_math_vendor/include/gz/math7/gz/math/Inertial.hh:26[m[K,
[5.090s]                  from [01m[K/opt/ros/jazzy/opt/gz_sim_vendor/include/gz/sim8/gz/sim/Conversions.hh:44[m[K,
[5.090s]                  from [01m[K/home/xlqmu/rmoss_gazebo/rmoss_gz_plugins/plugins/mecanum_drive2/MecanumDrive2.cc:21[m[K:
[5.090s] [01m[K/opt/ros/jazzy/opt/gz_math_vendor/include/gz/math7/gz/math/Pose3.hh:222:39:[m[K [01;36m[Knote: [m[Kdeclared here
[5.090s]   222 |     public: GZ_DEPRECATED(7) Pose3<T> [01;36m[Koperator[m[K-(const Pose3<T> &_pose) const
[5.090s]       |                                       [01;36m[K^~~~~~~~[m[K
[7.230s] [ 66%] [32m[1mLinking CXX shared library libMecanumDrive2.so[0m
[7.362s] [ 66%] Built target MecanumDrive2
[7.844s] [ 83%] [32m[1mLinking CXX shared library libLightBarController.so[0m
[7.970s] [ 83%] Built target LightBarController
[8.053s] [100%] [32m[1mLinking CXX shared library libProjectileShooter.so[0m
[8.199s] [100%] Built target ProjectileShooter
[8.210s] Invoked command in '/home/xlqmu/rmoss_gazebo/build/rmoss_gz_plugins' returned '0': CMAKE_PREFIX_PATH=${CMAKE_PREFIX_PATH}:/home/xlqmu/ws_moveit/install/moveit_configs_utils:/opt/ros/jazzy DEBUGINFOD_URLS=https://debuginfod.ubuntu.com /usr/bin/cmake --build /home/xlqmu/rmoss_gazebo/build/rmoss_gz_plugins -- -j20 -l20
[8.226s] Invoking command in '/home/xlqmu/rmoss_gazebo/build/rmoss_gz_plugins': CMAKE_PREFIX_PATH=${CMAKE_PREFIX_PATH}:/home/xlqmu/ws_moveit/install/moveit_configs_utils:/opt/ros/jazzy DEBUGINFOD_URLS=https://debuginfod.ubuntu.com /usr/bin/cmake --install /home/xlqmu/rmoss_gazebo/build/rmoss_gz_plugins
[8.237s] -- Install configuration: "Release"
[8.237s] -- Execute custom install script
[8.237s] -- Symlinking: /home/xlqmu/rmoss_gazebo/install/rmoss_gz_plugins/plugins/libMecanumDrive2.so
[8.255s] -- Symlinking: /home/xlqmu/rmoss_gazebo/install/rmoss_gz_plugins/plugins/libProjectileShooter.so
[8.273s] -- Symlinking: /home/xlqmu/rmoss_gazebo/install/rmoss_gz_plugins/plugins/libLightBarController.so
[8.288s] -- Symlinking: /home/xlqmu/rmoss_gazebo/install/rmoss_gz_plugins/share/rmoss_gz_plugins/environment/gazebo.dsv
[8.303s] -- Symlinking: /home/xlqmu/rmoss_gazebo/install/rmoss_gz_plugins/share/ament_index/resource_index/package_run_dependencies/rmoss_gz_plugins
[8.314s] -- Symlinking: /home/xlqmu/rmoss_gazebo/install/rmoss_gz_plugins/share/ament_index/resource_index/parent_prefix_path/rmoss_gz_plugins
[8.329s] -- Symlinking: /home/xlqmu/rmoss_gazebo/install/rmoss_gz_plugins/share/rmoss_gz_plugins/environment/ament_prefix_path.sh
[8.346s] -- Symlinking: /home/xlqmu/rmoss_gazebo/install/rmoss_gz_plugins/share/rmoss_gz_plugins/environment/ament_prefix_path.dsv
[8.360s] -- Symlinking: /home/xlqmu/rmoss_gazebo/install/rmoss_gz_plugins/share/rmoss_gz_plugins/environment/path.sh
[8.370s] -- Symlinking: /home/xlqmu/rmoss_gazebo/install/rmoss_gz_plugins/share/rmoss_gz_plugins/environment/path.dsv
[8.380s] -- Symlinking: /home/xlqmu/rmoss_gazebo/install/rmoss_gz_plugins/share/rmoss_gz_plugins/local_setup.bash
[8.394s] -- Symlinking: /home/xlqmu/rmoss_gazebo/install/rmoss_gz_plugins/share/rmoss_gz_plugins/local_setup.sh
[8.409s] -- Symlinking: /home/xlqmu/rmoss_gazebo/install/rmoss_gz_plugins/share/rmoss_gz_plugins/local_setup.zsh
[8.423s] -- Symlinking: /home/xlqmu/rmoss_gazebo/install/rmoss_gz_plugins/share/rmoss_gz_plugins/local_setup.dsv
[8.430s] -- Symlinking: /home/xlqmu/rmoss_gazebo/install/rmoss_gz_plugins/share/rmoss_gz_plugins/package.dsv
[8.445s] -- Symlinking: /home/xlqmu/rmoss_gazebo/install/rmoss_gz_plugins/share/ament_index/resource_index/packages/rmoss_gz_plugins
[8.465s] -- Symlinking: /home/xlqmu/rmoss_gazebo/install/rmoss_gz_plugins/share/rmoss_gz_plugins/cmake/rmoss_gz_pluginsConfig.cmake
[8.474s] -- Symlinking: /home/xlqmu/rmoss_gazebo/install/rmoss_gz_plugins/share/rmoss_gz_plugins/cmake/rmoss_gz_pluginsConfig-version.cmake
[8.482s] -- Symlinking: /home/xlqmu/rmoss_gazebo/install/rmoss_gz_plugins/share/rmoss_gz_plugins/package.xml
[8.497s] Invoked command in '/home/xlqmu/rmoss_gazebo/build/rmoss_gz_plugins' returned '0': CMAKE_PREFIX_PATH=${CMAKE_PREFIX_PATH}:/home/xlqmu/ws_moveit/install/moveit_configs_utils:/opt/ros/jazzy DEBUGINFOD_URLS=https://debuginfod.ubuntu.com /usr/bin/cmake --install /home/xlqmu/rmoss_gazebo/build/rmoss_gz_plugins
