[0.011s] Invoking command in '/home/xlqmu/rmoss_gazebo/build/rmoss_gz_base': AMENT_PREFIX_PATH=/home/xlqmu/rmoss_gazebo/install/rmoss_gz_plugins:${AMENT_PREFIX_PATH} CMAKE_PREFIX_PATH=/home/xlqmu/rmoss_gazebo/install/rmoss_gz_plugins:/home/xlqmu/ws_moveit/install/robotiq_hardware_tests:/home/xlqmu/ws_moveit/install/robotiq_driver:/home/xlqmu/ws_moveit/install/serial:/home/xlqmu/ws_moveit/install/moveit2_tutorials:/home/xlqmu/ws_moveit/install/moveit_visual_tools:/home/xlqmu/ws_moveit/install/rviz_visual_tools:/home/xlqmu/ws_moveit/install/moveit_task_constructor_visualization:/home/xlqmu/ws_moveit/install/moveit_task_constructor_demo:/home/xlqmu/ws_moveit/install/moveit_task_constructor_capabilities:/home/xlqmu/ws_moveit/install/moveit_task_constructor_core:/home/xlqmu/ws_moveit/install/rviz_marker_tools:/home/xlqmu/ws_moveit/install/kortex_bringup:/home/xlqmu/ws_moveit/install/kinova_gen3_lite_moveit_config:/home/xlqmu/ws_moveit/install/kinova_gen3_7dof_robotiq_2f_85_moveit_config:/home/xlqmu/ws_moveit/install/kinova_gen3_6dof_robotiq_2f_85_moveit_config:/home/xlqmu/ws_moveit/install/kortex_description:/home/xlqmu/ws_moveit/install/robotiq_description:/home/xlqmu/ws_moveit/install/robotiq_controllers:/home/xlqmu/ws_moveit/install/pilz_industrial_motion_planner_testutils:/home/xlqmu/ws_moveit/install/moveit_runtime:/home/xlqmu/ws_moveit/install/moveit:/home/xlqmu/ws_moveit/install/moveit_planners:/home/xlqmu/ws_moveit/install/pilz_industrial_motion_planner:/home/xlqmu/ws_moveit/install/moveit_task_constructor_msgs:/home/xlqmu/ws_moveit/install/moveit_ros_control_interface:/home/xlqmu/ws_moveit/install/moveit_plugins:/home/xlqmu/ws_moveit/install/moveit_simple_controller_manager:/home/xlqmu/ws_moveit/install/moveit_setup_assistant:/home/xlqmu/ws_moveit/install/moveit_setup_srdf_plugins:/home/xlqmu/ws_moveit/install/moveit_setup_core_plugins:/home/xlqmu/ws_moveit/install/moveit_setup_controllers:/home/xlqmu/ws_moveit/install/moveit_setup_app_plugins:/home/xlqmu/ws_moveit/install/moveit_setup_framework:/home/xlqmu/ws_moveit/install/moveit_servo:/home/xlqmu/ws_moveit/install/moveit_ros_trajectory_cache:/home/xlqmu/ws_moveit/install/moveit_ros:/home/xlqmu/ws_moveit/install/moveit_ros_visualization:/home/xlqmu/ws_moveit/install/moveit_py:/home/xlqmu/ws_moveit/install/moveit_hybrid_planning:/home/xlqmu/ws_moveit/install/moveit_ros_planning_interface:/home/xlqmu/ws_moveit/install/moveit_ros_benchmarks:/home/xlqmu/ws_moveit/install/moveit_ros_warehouse:/home/xlqmu/ws_moveit/install/moveit_ros_robot_interaction:/home/xlqmu/ws_moveit/install/moveit_ros_perception:/home/xlqmu/ws_moveit/install/moveit_resources_prbt_pg70_support:/home/xlqmu/ws_moveit/install/moveit_resources_prbt_moveit_config:/home/xlqmu/ws_moveit/install/moveit_ros_move_group:/home/xlqmu/ws_moveit/install/moveit_planners_ompl:/home/xlqmu/ws_moveit/install/moveit_kinematics:/home/xlqmu/ws_moveit/install/moveit_ros_planning:/home/xlqmu/ws_moveit/install/moveit_ros_occupancy_map_monitor:/home/xlqmu/ws_moveit/install/moveit_resources_prbt_support:/home/xlqmu/ws_moveit/install/moveit_resources_prbt_ikfast_manipulator_plugin:/home/xlqmu/ws_moveit/install/moveit_resources:/home/xlqmu/ws_moveit/install/moveit_resources_pr2_description:/home/xlqmu/ws_moveit/install/moveit_resources_panda_moveit_config:/home/xlqmu/ws_moveit/install/dual_arm_panda_moveit_config:/home/xlqmu/ws_moveit/install/moveit_resources_panda_description:/home/xlqmu/ws_moveit/install/moveit_resources_fanuc_moveit_config:/home/xlqmu/ws_moveit/install/moveit_resources_fanuc_description:/home/xlqmu/ws_moveit/install/moveit_planners_stomp:/home/xlqmu/ws_moveit/install/moveit_planners_chomp:/home/xlqmu/ws_moveit/install/chomp_motion_planner:/home/xlqmu/ws_moveit/install/moveit_core:/home/xlqmu/ws_moveit/install/moveit_msgs:/home/xlqmu/ws_moveit/install/moveit_common:/home/xlqmu/ws_moveit/install/kortex_driver:/home/xlqmu/ws_moveit/install/kortex_api:/opt/ros/jazzy/opt/gz_sim_vendor:/opt/ros/jazzy/opt/gz_sensors_vendor:/opt/ros/jazzy/opt/gz_physics_vendor:/opt/ros/jazzy/opt/sdformat_vendor:/opt/ros/jazzy/opt/gz_gui_vendor:/opt/ros/jazzy/opt/gz_transport_vendor:/opt/ros/jazzy/opt/gz_rendering_vendor:/opt/ros/jazzy/opt/gz_plugin_vendor:/opt/ros/jazzy/opt/gz_fuel_tools_vendor:/opt/ros/jazzy/opt/gz_msgs_vendor:/opt/ros/jazzy/opt/gz_common_vendor:/opt/ros/jazzy/opt/gz_math_vendor:/opt/ros/jazzy/opt/gz_utils_vendor:/opt/ros/jazzy/opt/gz_tools_vendor:/opt/ros/jazzy/opt/gz_ogre_next_vendor:/opt/ros/jazzy/opt/gz_dartsim_vendor:/opt/ros/jazzy/opt/gz_cmake_vendor:/home/xlqmu/ws_moveit/install/moveit_configs_utils:/opt/ros/jazzy DEBUGINFOD_URLS=https://debuginfod.ubuntu.com /usr/bin/cmake /home/xlqmu/rmoss_gazebo/rmoss_gz_base -DCMAKE_BUILD_TYPE=Release -DCMAKE_EXPORT_COMPILE_COMMANDS=ON -DAMENT_CMAKE_SYMLINK_INSTALL=1 -DCMAKE_INSTALL_PREFIX=/home/xlqmu/rmoss_gazebo/install/rmoss_gz_base
[0.077s] -- The C compiler identification is GNU 13.3.0
[0.129s] -- The CXX compiler identification is GNU 13.3.0
[0.155s] -- Detecting C compiler ABI info
[0.302s] -- Detecting C compiler ABI info - done
[0.309s] -- Check for working C compiler: /usr/bin/cc - skipped
[0.309s] -- Detecting C compile features
[0.309s] -- Detecting C compile features - done
[0.330s] -- Detecting CXX compiler ABI info
[0.478s] -- Detecting CXX compiler ABI info - done
[0.487s] -- Check for working CXX compiler: /usr/bin/c++ - skipped
[0.487s] -- Detecting CXX compile features
[0.488s] -- Detecting CXX compile features - done
[0.493s] -- Found ament_cmake: 2.5.4 (/opt/ros/jazzy/share/ament_cmake/cmake)
[0.638s] -- Found Python3: /usr/bin/python3 (found version "3.12.3") found components: Interpreter 
[0.687s] -- Override CMake install command with custom implementation using symlinks instead of copying resources
[0.749s] -- Found ament_index_cpp: 1.8.1 (/opt/ros/jazzy/share/ament_index_cpp/cmake)
[0.754s] -- Found rclcpp: 28.1.12 (/opt/ros/jazzy/share/rclcpp/cmake)
[0.813s] -- Found rosidl_generator_c: 4.6.6 (/opt/ros/jazzy/share/rosidl_generator_c/cmake)
[0.833s] -- Found rosidl_generator_cpp: 4.6.6 (/opt/ros/jazzy/share/rosidl_generator_cpp/cmake)
[0.856s] -- Using all available rosidl_typesupport_c: rosidl_typesupport_fastrtps_c;rosidl_typesupport_introspection_c
[0.879s] -- Using all available rosidl_typesupport_cpp: rosidl_typesupport_fastrtps_cpp;rosidl_typesupport_introspection_cpp
[0.968s] -- Found rmw_implementation_cmake: 7.3.2 (/opt/ros/jazzy/share/rmw_implementation_cmake/cmake)
[0.974s] -- Found rmw_fastrtps_cpp: 8.4.3 (/opt/ros/jazzy/share/rmw_fastrtps_cpp/cmake)
[1.094s] -- Found OpenSSL: /usr/lib/x86_64-linux-gnu/libcrypto.so (found version "3.0.13")  
[1.115s] -- Found FastRTPS: /opt/ros/jazzy/include (Required is at least version "2.13") 
[1.138s] -- Using RMW implementation 'rmw_fastrtps_cpp' as default
[1.209s] -- Found rclcpp_components: 28.1.12 (/opt/ros/jazzy/share/rclcpp_components/cmake)
[1.250s] -- Found std_msgs: 5.3.6 (/opt/ros/jazzy/share/std_msgs/cmake)
[1.265s] -- Found geometry_msgs: 5.3.6 (/opt/ros/jazzy/share/geometry_msgs/cmake)
[1.279s] -- Found sensor_msgs: 5.3.6 (/opt/ros/jazzy/share/sensor_msgs/cmake)
[1.300s] -- Found nav_msgs: 5.3.6 (/opt/ros/jazzy/share/nav_msgs/cmake)
[1.329s] [31mCMake Error at CMakeLists.txt:20 (find_package):
[1.329s]   By not providing "Findrmoss_interfaces.cmake" in CMAKE_MODULE_PATH this
[1.329s]   project has asked CMake to find a package configuration file provided by
[1.329s]   "rmoss_interfaces", but CMake did not find one.
[1.329s] 
[1.329s]   Could not find a package configuration file provided by "rmoss_interfaces"
[1.329s]   with any of the following names:
[1.329s] 
[1.329s]     rmoss_interfacesConfig.cmake
[1.329s]     rmoss_interfaces-config.cmake
[1.329s] 
[1.330s]   Add the installation prefix of "rmoss_interfaces" to CMAKE_PREFIX_PATH or
[1.330s]   set "rmoss_interfaces_DIR" to a directory containing one of the above
[1.330s]   files.  If "rmoss_interfaces" provides a separate development package or
[1.330s]   SDK, be sure it has been installed.
[1.330s] 
[1.330s] [0m
[1.330s] -- Configuring incomplete, errors occurred!
[1.337s] Invoked command in '/home/xlqmu/rmoss_gazebo/build/rmoss_gz_base' returned '1': AMENT_PREFIX_PATH=/home/xlqmu/rmoss_gazebo/install/rmoss_gz_plugins:${AMENT_PREFIX_PATH} CMAKE_PREFIX_PATH=/home/xlqmu/rmoss_gazebo/install/rmoss_gz_plugins:/home/xlqmu/ws_moveit/install/robotiq_hardware_tests:/home/xlqmu/ws_moveit/install/robotiq_driver:/home/xlqmu/ws_moveit/install/serial:/home/xlqmu/ws_moveit/install/moveit2_tutorials:/home/xlqmu/ws_moveit/install/moveit_visual_tools:/home/xlqmu/ws_moveit/install/rviz_visual_tools:/home/xlqmu/ws_moveit/install/moveit_task_constructor_visualization:/home/xlqmu/ws_moveit/install/moveit_task_constructor_demo:/home/xlqmu/ws_moveit/install/moveit_task_constructor_capabilities:/home/xlqmu/ws_moveit/install/moveit_task_constructor_core:/home/xlqmu/ws_moveit/install/rviz_marker_tools:/home/xlqmu/ws_moveit/install/kortex_bringup:/home/xlqmu/ws_moveit/install/kinova_gen3_lite_moveit_config:/home/xlqmu/ws_moveit/install/kinova_gen3_7dof_robotiq_2f_85_moveit_config:/home/xlqmu/ws_moveit/install/kinova_gen3_6dof_robotiq_2f_85_moveit_config:/home/xlqmu/ws_moveit/install/kortex_description:/home/xlqmu/ws_moveit/install/robotiq_description:/home/xlqmu/ws_moveit/install/robotiq_controllers:/home/xlqmu/ws_moveit/install/pilz_industrial_motion_planner_testutils:/home/xlqmu/ws_moveit/install/moveit_runtime:/home/xlqmu/ws_moveit/install/moveit:/home/xlqmu/ws_moveit/install/moveit_planners:/home/xlqmu/ws_moveit/install/pilz_industrial_motion_planner:/home/xlqmu/ws_moveit/install/moveit_task_constructor_msgs:/home/xlqmu/ws_moveit/install/moveit_ros_control_interface:/home/xlqmu/ws_moveit/install/moveit_plugins:/home/xlqmu/ws_moveit/install/moveit_simple_controller_manager:/home/xlqmu/ws_moveit/install/moveit_setup_assistant:/home/xlqmu/ws_moveit/install/moveit_setup_srdf_plugins:/home/xlqmu/ws_moveit/install/moveit_setup_core_plugins:/home/xlqmu/ws_moveit/install/moveit_setup_controllers:/home/xlqmu/ws_moveit/install/moveit_setup_app_plugins:/home/xlqmu/ws_moveit/install/moveit_setup_framework:/home/xlqmu/ws_moveit/install/moveit_servo:/home/xlqmu/ws_moveit/install/moveit_ros_trajectory_cache:/home/xlqmu/ws_moveit/install/moveit_ros:/home/xlqmu/ws_moveit/install/moveit_ros_visualization:/home/xlqmu/ws_moveit/install/moveit_py:/home/xlqmu/ws_moveit/install/moveit_hybrid_planning:/home/xlqmu/ws_moveit/install/moveit_ros_planning_interface:/home/xlqmu/ws_moveit/install/moveit_ros_benchmarks:/home/xlqmu/ws_moveit/install/moveit_ros_warehouse:/home/xlqmu/ws_moveit/install/moveit_ros_robot_interaction:/home/xlqmu/ws_moveit/install/moveit_ros_perception:/home/xlqmu/ws_moveit/install/moveit_resources_prbt_pg70_support:/home/xlqmu/ws_moveit/install/moveit_resources_prbt_moveit_config:/home/xlqmu/ws_moveit/install/moveit_ros_move_group:/home/xlqmu/ws_moveit/install/moveit_planners_ompl:/home/xlqmu/ws_moveit/install/moveit_kinematics:/home/xlqmu/ws_moveit/install/moveit_ros_planning:/home/xlqmu/ws_moveit/install/moveit_ros_occupancy_map_monitor:/home/xlqmu/ws_moveit/install/moveit_resources_prbt_support:/home/xlqmu/ws_moveit/install/moveit_resources_prbt_ikfast_manipulator_plugin:/home/xlqmu/ws_moveit/install/moveit_resources:/home/xlqmu/ws_moveit/install/moveit_resources_pr2_description:/home/xlqmu/ws_moveit/install/moveit_resources_panda_moveit_config:/home/xlqmu/ws_moveit/install/dual_arm_panda_moveit_config:/home/xlqmu/ws_moveit/install/moveit_resources_panda_description:/home/xlqmu/ws_moveit/install/moveit_resources_fanuc_moveit_config:/home/xlqmu/ws_moveit/install/moveit_resources_fanuc_description:/home/xlqmu/ws_moveit/install/moveit_planners_stomp:/home/xlqmu/ws_moveit/install/moveit_planners_chomp:/home/xlqmu/ws_moveit/install/chomp_motion_planner:/home/xlqmu/ws_moveit/install/moveit_core:/home/xlqmu/ws_moveit/install/moveit_msgs:/home/xlqmu/ws_moveit/install/moveit_common:/home/xlqmu/ws_moveit/install/kortex_driver:/home/xlqmu/ws_moveit/install/kortex_api:/opt/ros/jazzy/opt/gz_sim_vendor:/opt/ros/jazzy/opt/gz_sensors_vendor:/opt/ros/jazzy/opt/gz_physics_vendor:/opt/ros/jazzy/opt/sdformat_vendor:/opt/ros/jazzy/opt/gz_gui_vendor:/opt/ros/jazzy/opt/gz_transport_vendor:/opt/ros/jazzy/opt/gz_rendering_vendor:/opt/ros/jazzy/opt/gz_plugin_vendor:/opt/ros/jazzy/opt/gz_fuel_tools_vendor:/opt/ros/jazzy/opt/gz_msgs_vendor:/opt/ros/jazzy/opt/gz_common_vendor:/opt/ros/jazzy/opt/gz_math_vendor:/opt/ros/jazzy/opt/gz_utils_vendor:/opt/ros/jazzy/opt/gz_tools_vendor:/opt/ros/jazzy/opt/gz_ogre_next_vendor:/opt/ros/jazzy/opt/gz_dartsim_vendor:/opt/ros/jazzy/opt/gz_cmake_vendor:/home/xlqmu/ws_moveit/install/moveit_configs_utils:/opt/ros/jazzy DEBUGINFOD_URLS=https://debuginfod.ubuntu.com /usr/bin/cmake /home/xlqmu/rmoss_gazebo/rmoss_gz_base -DCMAKE_BUILD_TYPE=Release -DCMAKE_EXPORT_COMPILE_COMMANDS=ON -DAMENT_CMAKE_SYMLINK_INSTALL=1 -DCMAKE_INSTALL_PREFIX=/home/xlqmu/rmoss_gazebo/install/rmoss_gz_base
